Copyright 1986-2022 Xilinx, Inc. All Rights Reserved. Copyright 2022-2026 Advanced Micro Devices, Inc. All Rights Reserved.
---------------------------------------------------------------------------------------------------------------------------------------------
| Tool Version : Vivado v.2026.1 (win64) Build 6511674 Tue Jun 16 11:02:23 MDT 2026
| Date         : Wed Sep 30 23:35:17 2026
| Host         : boobieJuicer9000 running 64-bit major release  (build 9200)
| Command      : report_timing_summary -file P:/Downloads/freq-lab/fpga/photon_counter/build/timing_impl.rpt
| Design       : photon_top
| Device       : 7z020-clg400
| Speed File   : -2  PRODUCTION 1.12 2019-11-22
| Design State : Routed
---------------------------------------------------------------------------------------------------------------------------------------------

Timing Summary Report

------------------------------------------------------------------------------------------------
| Timer Settings
| --------------
------------------------------------------------------------------------------------------------

  Enable Multi Corner Analysis               :  Yes
  Enable Pessimism Removal                   :  Yes
  Pessimism Removal Resolution               :  Nearest Common Node
  Enable Input Delay Default Clock           :  No
  Enable Preset / Clear Arcs                 :  No
  Disable Flight Delays                      :  No
  Ignore I/O Paths                           :  No
  Timing Early Launch at Borrowing Latches   :  No
  Borrow Time for Max Delay Exceptions       :  Yes
  Merge Timing Exceptions                    :  Yes
  Inter-SLR Compensation                     :  Conservative

  Corner  Analyze    Analyze    
  Name    Max Paths  Min Paths  
  ------  ---------  ---------  
  Slow    Yes        Yes        
  Fast    Yes        Yes        


------------------------------------------------------------------------------------------------
| Report Methodology
| ------------------
------------------------------------------------------------------------------------------------

No report available as report_methodology has not been run prior. Run report_methodology on the current design for the summary of methodology violations.



check_timing report

Table of Contents
-----------------
1. checking no_clock (0)
2. checking constant_clock (0)
3. checking pulse_width_clock (0)
4. checking unconstrained_internal_endpoints (0)
5. checking no_input_delay (6)
6. checking no_output_delay (4)
7. checking multiple_clock (0)
8. checking generated_clocks (0)
9. checking loops (0)
10. checking partial_input_delay (0)
11. checking partial_output_delay (0)
12. checking latch_loops (0)

1. checking no_clock (0)
------------------------
 There are 0 register/latch pins with no clock.


2. checking constant_clock (0)
------------------------------
 There are 0 register/latch pins with constant_clock.


3. checking pulse_width_clock (0)
---------------------------------
 There are 0 register/latch pins which need pulse_width check


4. checking unconstrained_internal_endpoints (0)
------------------------------------------------
 There are 0 pins that are not constrained for maximum delay.

 There are 0 pins that are not constrained for maximum delay due to constant clock.


5. checking no_input_delay (6)
------------------------------
 There are 0 input ports with no input delay specified.

 There are 6 input ports with no input delay but user has a false path constraint. (MEDIUM)


6. checking no_output_delay (4)
-------------------------------
 There are 4 ports with no output delay specified. (HIGH)

 There are 0 ports with no output delay but user has a false path constraint

 There are 0 ports with no output delay but with a timing clock defined on it or propagating through it


7. checking multiple_clock (0)
------------------------------
 There are 0 register/latch pins with multiple clocks.


8. checking generated_clocks (0)
--------------------------------
 There are 0 generated clocks that are not connected to a clock source.


9. checking loops (0)
---------------------
 There are 0 combinational loops in the design.


10. checking partial_input_delay (0)
------------------------------------
 There are 0 input ports with partial input delay specified.


11. checking partial_output_delay (0)
-------------------------------------
 There are 0 ports with partial output delay specified.


12. checking latch_loops (0)
----------------------------
 There are 0 combinational latch loops in the design through latch input



------------------------------------------------------------------------------------------------
| Design Timing Summary
| ---------------------
------------------------------------------------------------------------------------------------

    WNS(ns)      TNS(ns)  TNS Failing Endpoints  TNS Total Endpoints      WHS(ns)      THS(ns)  THS Failing Endpoints  THS Total Endpoints     WPWS(ns)     TPWS(ns)  TPWS Failing Endpoints  TPWS Total Endpoints  
    -------      -------  ---------------------  -------------------      -------      -------  ---------------------  -------------------     --------     --------  ----------------------  --------------------  
     11.605        0.000                      0                 1960        0.135        0.000                      0                 1960        9.500        0.000                       0                   698  


All user specified timing constraints are met.


------------------------------------------------------------------------------------------------
| Clock Summary
| -------------
------------------------------------------------------------------------------------------------

Clock    Waveform(ns)       Period(ns)      Frequency(MHz)
-----    ------------       ----------      --------------
clk_50m  {0.000 10.000}     20.000          50.000          


------------------------------------------------------------------------------------------------
| Intra Clock Table
| -----------------
------------------------------------------------------------------------------------------------

Clock             WNS(ns)      TNS(ns)  TNS Failing Endpoints  TNS Total Endpoints      WHS(ns)      THS(ns)  THS Failing Endpoints  THS Total Endpoints     WPWS(ns)     TPWS(ns)  TPWS Failing Endpoints  TPWS Total Endpoints  
-----             -------      -------  ---------------------  -------------------      -------      -------  ---------------------  -------------------     --------     --------  ----------------------  --------------------  
clk_50m            11.605        0.000                      0                 1960        0.135        0.000                      0                 1960        9.500        0.000                       0                   698  


------------------------------------------------------------------------------------------------
| Inter Clock Table
| -----------------
------------------------------------------------------------------------------------------------

From Clock    To Clock          WNS(ns)      TNS(ns)  TNS Failing Endpoints  TNS Total Endpoints      WHS(ns)      THS(ns)  THS Failing Endpoints  THS Total Endpoints  
----------    --------          -------      -------  ---------------------  -------------------      -------      -------  ---------------------  -------------------  


------------------------------------------------------------------------------------------------
| Other Path Groups Table
| -----------------------
------------------------------------------------------------------------------------------------

Path Group    From Clock    To Clock          WNS(ns)      TNS(ns)  TNS Failing Endpoints  TNS Total Endpoints      WHS(ns)      THS(ns)  THS Failing Endpoints  THS Total Endpoints  
----------    ----------    --------          -------      -------  ---------------------  -------------------      -------      -------  ---------------------  -------------------  


------------------------------------------------------------------------------------------------
| Timing Details
| --------------
------------------------------------------------------------------------------------------------


---------------------------------------------------------------------------------------------------
From Clock:  clk_50m
  To Clock:  clk_50m

Setup :            0  Failing Endpoints,  Worst Slack       11.605ns,  Total Violation        0.000ns
Hold  :            0  Failing Endpoints,  Worst Slack        0.135ns,  Total Violation        0.000ns
PW    :            0  Failing Endpoints,  Worst Slack        9.500ns,  Total Violation        0.000ns
---------------------------------------------------------------------------------------------------


Max Delay Paths
--------------------------------------------------------------------------------------
Slack (MET) :             11.605ns  (required time - arrival time)
  Source:                 rst_cnt_reg[16]/C
                            (rising edge-triggered cell FDRE clocked by clk_50m  {rise@0.000ns fall@10.000ns period=20.000ns})
  Destination:            u_regs/sh_sa_reg[1]/R
                            (rising edge-triggered cell FDRE clocked by clk_50m  {rise@0.000ns fall@10.000ns period=20.000ns})
  Path Group:             clk_50m
  Path Type:              Setup (Max at Slow Process Corner)
  Requirement:            20.000ns  (clk_50m rise@20.000ns - clk_50m rise@0.000ns)
  Data Path Delay:        7.702ns  (logic 0.503ns (6.531%)  route 7.199ns (93.469%))
  Logic Levels:           1  (LUT1=1)
  Clock Path Skew:        -0.072ns (DCD - SCD + CPR)
    Destination Clock Delay (DCD):    4.478ns = ( 24.478 - 20.000 ) 
    Source Clock Delay      (SCD):    4.891ns
    Clock Pessimism Removal (CPR):    0.342ns
  Clock Uncertainty:      0.035ns  ((TSJ^2 + TIJ^2)^1/2 + DJ) / 2 + PE
    Total System Jitter     (TSJ):    0.071ns
    Total Input Jitter      (TIJ):    0.000ns
    Discrete Jitter          (DJ):    0.000ns
    Phase Error              (PE):    0.000ns

    Location             Delay type                Incr(ns)  Path(ns)    Netlist Resource(s)
  -------------------------------------------------------------------    -------------------
                         (clock clk_50m rise edge)    0.000     0.000 r  <hidden>
    U18                                               0.000     0.000 r  clk_50m
                         net (fo=0)                   0.000     0.000    clk_50m
    U18                  IBUF (Prop_ibuf_I_O)         1.429     1.429 r  clk_50m_IBUF_inst/O
                         net (fo=1, routed)           1.873     3.302    clk_50m_IBUF
    BUFGCTRL_X0Y16       BUFG (Prop_bufg_I_O)         0.085     3.387 r  clk_50m_IBUF_BUFG_inst/O
                         net (fo=697, routed)         1.504     4.891    clk_50m_IBUF_BUFG
    SLICE_X97Y90         FDRE                                         r  rst_cnt_reg[16]/C
  -------------------------------------------------------------------    -------------------
    SLICE_X97Y90         FDRE (Prop_fdre_C_Q)         0.379     5.270 f  rst_cnt_reg[16]/Q
                         net (fo=25, routed)          1.148     6.419    u_regs/u_rx/rst_n
    SLICE_X113Y89        LUT1 (Prop_lut1_I0_O)        0.124     6.543 r  u_regs/u_rx/thresh[10]_i_1/O
                         net (fo=523, routed)         6.051    12.594    u_regs/rst_cnt_reg[16]
    SLICE_X102Y77        FDRE                                         r  u_regs/sh_sa_reg[1]/R
  -------------------------------------------------------------------    -------------------

                         (clock clk_50m rise edge)   20.000    20.000 r  <hidden>
    U18                                               0.000    20.000 r  clk_50m
                         net (fo=0)                   0.000    20.000    clk_50m
    U18                  IBUF (Prop_ibuf_I_O)         1.363    21.363 r  clk_50m_IBUF_inst/O
                         net (fo=1, routed)           1.701    23.064    clk_50m_IBUF
    BUFGCTRL_X0Y16       BUFG (Prop_bufg_I_O)         0.077    23.141 r  clk_50m_IBUF_BUFG_inst/O
                         net (fo=697, routed)         1.336    24.478    u_regs/clk_50m_IBUF_BUFG
    SLICE_X102Y77        FDRE                                         r  u_regs/sh_sa_reg[1]/C
                         clock pessimism              0.342    24.819    <hidden>
                         clock uncertainty           -0.035    24.784    <hidden>
    SLICE_X102Y77        FDRE (Setup_fdre_C_R)       -0.585    24.199    u_regs/sh_sa_reg[1]
  -------------------------------------------------------------------
                         required time                         24.199    <hidden>
                         arrival time                         -12.594    <hidden>
  -------------------------------------------------------------------
                         slack                                 11.605    <hidden>





Min Delay Paths
--------------------------------------------------------------------------------------
Slack (MET) :             0.135ns  (arrival time - required time)
  Source:                 u_coinc/singles_a_reg[9]/C
                            (rising edge-triggered cell FDRE clocked by clk_50m  {rise@0.000ns fall@10.000ns period=20.000ns})
  Destination:            u_regs/sh_sa_reg[9]/D
                            (rising edge-triggered cell FDRE clocked by clk_50m  {rise@0.000ns fall@10.000ns period=20.000ns})
  Path Group:             clk_50m
  Path Type:              Hold (Min at Fast Process Corner)
  Requirement:            0.000ns  (clk_50m rise@0.000ns - clk_50m rise@0.000ns)
  Data Path Delay:        0.231ns  (logic 0.141ns (61.067%)  route 0.090ns (38.933%))
  Logic Levels:           0  
  Clock Path Skew:        0.013ns (DCD - SCD - CPR)
    Destination Clock Delay (DCD):    2.082ns
    Source Clock Delay      (SCD):    1.565ns
    Clock Pessimism Removal (CPR):    0.504ns

    Location             Delay type                Incr(ns)  Path(ns)    Netlist Resource(s)
  -------------------------------------------------------------------    -------------------
                         (clock clk_50m rise edge)    0.000     0.000 r  <hidden>
    U18                                               0.000     0.000 r  clk_50m
                         net (fo=0)                   0.000     0.000    clk_50m
    U18                  IBUF (Prop_ibuf_I_O)         0.266     0.266 r  clk_50m_IBUF_inst/O
                         net (fo=1, routed)           0.674     0.940    clk_50m_IBUF
    BUFGCTRL_X0Y16       BUFG (Prop_bufg_I_O)         0.026     0.966 r  clk_50m_IBUF_BUFG_inst/O
                         net (fo=697, routed)         0.599     1.565    u_coinc/clk_50m_IBUF_BUFG
    SLICE_X105Y79        FDRE                                         r  u_coinc/singles_a_reg[9]/C
  -------------------------------------------------------------------    -------------------
    SLICE_X105Y79        FDRE (Prop_fdre_C_Q)         0.141     1.706 r  u_coinc/singles_a_reg[9]/Q
                         net (fo=2, routed)           0.090     1.796    u_regs/sh_sa_reg[47]_0[9]
    SLICE_X104Y79        FDRE                                         r  u_regs/sh_sa_reg[9]/D
  -------------------------------------------------------------------    -------------------

                         (clock clk_50m rise edge)    0.000     0.000 r  <hidden>
    U18                                               0.000     0.000 r  clk_50m
                         net (fo=0)                   0.000     0.000    clk_50m
    U18                  IBUF (Prop_ibuf_I_O)         0.454     0.454 r  clk_50m_IBUF_inst/O
                         net (fo=1, routed)           0.731     1.185    clk_50m_IBUF
    BUFGCTRL_X0Y16       BUFG (Prop_bufg_I_O)         0.029     1.214 r  clk_50m_IBUF_BUFG_inst/O
                         net (fo=697, routed)         0.868     2.082    u_regs/clk_50m_IBUF_BUFG
    SLICE_X104Y79        FDRE                                         r  u_regs/sh_sa_reg[9]/C
                         clock pessimism             -0.504     1.578    <hidden>
    SLICE_X104Y79        FDRE (Hold_fdre_C_D)         0.083     1.661    u_regs/sh_sa_reg[9]
  -------------------------------------------------------------------
                         required time                         -1.661    <hidden>
                         arrival time                           1.796    <hidden>
  -------------------------------------------------------------------
                         slack                                  0.135    <hidden>





Pulse Width Checks
--------------------------------------------------------------------------------------
Clock Name:         clk_50m
Waveform(ns):       { 0.000 10.000 }
Period(ns):         20.000
Sources:            { clk_50m }

Check Type        Corner  Lib Pin      Reference Pin  Required(ns)  Actual(ns)  Slack(ns)  Location       Pin
Min Period        n/a     DSP48E1/CLK  n/a            1.816         20.000      18.184     DSP48_X4Y28    u_fan/rpm_reg/CLK
Low Pulse Width   Slow    FDRE/C       n/a            0.500         10.000      9.500      SLICE_X112Y88  hb_cnt_reg[0]/C
High Pulse Width  Slow    FDRE/C       n/a            0.500         10.000      9.500      SLICE_X112Y88  hb_cnt_reg[0]/C



