Copyright 1986-2022 Xilinx, Inc. All Rights Reserved. Copyright 2022-2026 Advanced Micro Devices, Inc. All Rights Reserved.
---------------------------------------------------------------------------------------------------------------------------------------------
| Tool Version : Vivado v.2026.1 (win64) Build 6511674 Tue Jun 16 11:02:23 MDT 2026
| Date         : Thu Oct  1 20:21:02 2026
| Host         : boobieJuicer9000 running 64-bit major release  (build 9200)
| Command      : report_drc -file P:/Downloads/freq-lab/fpga/trng/build/drc.rpt
| Design       : trng_top
| Device       : xc7z020clg400-2
| Speed File   : -2
| Design State : Fully Routed
---------------------------------------------------------------------------------------------------------------------------------------------

Report DRC

Table of Contents
-----------------
1. REPORT SUMMARY
2. REPORT DETAILS

1. REPORT SUMMARY
-----------------
            Netlist: trng_top
          Floorplan: design_1
      Design limits: <entire design considered>
           Ruledeck: default
             Max checks: <unlimited>
             Checks found: 19
+---------+----------+----------------------------+--------+
| Rule    | Severity | Description                | Checks |
+---------+----------+----------------------------+--------+
| DPIP-1  | Warning  | Input pipelining           | 1      |
| DPOP-2  | Warning  | MREG Output pipelining     | 1      |
| LUTLP-2 | Warning  | Combinatorial Loop Allowed | 16     |
| ZPS7-1  | Warning  | PS7 block required         | 1      |
+---------+----------+----------------------------+--------+

2. REPORT DETAILS
-----------------
DPIP-1#1 Warning
Input pipelining  
DSP u_fan/rpm_reg input u_fan/rpm_reg/A[29:0] is not pipelined. Pipelining DSP48 input will improve performance.
Related violations: <none>

DPOP-2#1 Warning
MREG Output pipelining  
DSP u_fan/rpm_reg multiplier stage u_fan/rpm_reg/P[47:0] is not pipelined (MREG=0). Pipelining the multiplier function will improve performance and will save significant power so it is suggested whenever possible to fully pipeline this function.  If this multiplier was inferred, it is suggested to describe an additional register stage after this function.  If there is no registered adder/accumulator following the multiply function, two pipeline stages are suggested to allow both the MREG and PREG registers to be used.  If the DSP48 was instantiated in the design, it is suggested to set both the MREG and PREG attributes to 1 when performing multiply functions.
Related violations: <none>

LUTLP-2#1 Warning
Combinatorial Loop Allowed  
3 LUT cells form a combinatorial loop. This can create a race condition. Timing analysis may not be accurate. The preferred resolution is to modify the design to remove combinatorial logic loops. This loop has been identified in the constraints as being known and understood by use of the ALLOW_COMBINATORIAL_LOOPS property on a net in the loop. The cells in the loop are: u_regs/g_ro[0].chain_inferred_i_4, u_src/g_ro[0].chain_inferred_i_2
u_src/g_ro[0].chain_inferred_i_3.
Related violations: <none>

LUTLP-2#2 Warning
Combinatorial Loop Allowed  
3 LUT cells form a combinatorial loop. This can create a race condition. Timing analysis may not be accurate. The preferred resolution is to modify the design to remove combinatorial logic loops. This loop has been identified in the constraints as being known and understood by use of the ALLOW_COMBINATORIAL_LOOPS property on a net in the loop. The cells in the loop are: u_regs/g_ro[10].chain_inferred_i_4, u_src/g_ro[10].chain_inferred_i_2
u_src/g_ro[10].chain_inferred_i_3.
Related violations: <none>

LUTLP-2#3 Warning
Combinatorial Loop Allowed  
3 LUT cells form a combinatorial loop. This can create a race condition. Timing analysis may not be accurate. The preferred resolution is to modify the design to remove combinatorial logic loops. This loop has been identified in the constraints as being known and understood by use of the ALLOW_COMBINATORIAL_LOOPS property on a net in the loop. The cells in the loop are: u_regs/g_ro[11].chain_inferred_i_4, u_src/g_ro[11].chain_inferred_i_2
u_src/g_ro[11].chain_inferred_i_3.
Related violations: <none>

LUTLP-2#4 Warning
Combinatorial Loop Allowed  
3 LUT cells form a combinatorial loop. This can create a race condition. Timing analysis may not be accurate. The preferred resolution is to modify the design to remove combinatorial logic loops. This loop has been identified in the constraints as being known and understood by use of the ALLOW_COMBINATORIAL_LOOPS property on a net in the loop. The cells in the loop are: u_regs/g_ro[12].chain_inferred_i_4, u_src/g_ro[12].chain_inferred_i_2
u_src/g_ro[12].chain_inferred_i_3.
Related violations: <none>

LUTLP-2#5 Warning
Combinatorial Loop Allowed  
3 LUT cells form a combinatorial loop. This can create a race condition. Timing analysis may not be accurate. The preferred resolution is to modify the design to remove combinatorial logic loops. This loop has been identified in the constraints as being known and understood by use of the ALLOW_COMBINATORIAL_LOOPS property on a net in the loop. The cells in the loop are: u_regs/g_ro[13].chain_inferred_i_4, u_src/g_ro[13].chain_inferred_i_2
u_src/g_ro[13].chain_inferred_i_3.
Related violations: <none>

LUTLP-2#6 Warning
Combinatorial Loop Allowed  
3 LUT cells form a combinatorial loop. This can create a race condition. Timing analysis may not be accurate. The preferred resolution is to modify the design to remove combinatorial logic loops. This loop has been identified in the constraints as being known and understood by use of the ALLOW_COMBINATORIAL_LOOPS property on a net in the loop. The cells in the loop are: u_regs/g_ro[14].chain_inferred_i_4, u_src/g_ro[14].chain_inferred_i_2
u_src/g_ro[14].chain_inferred_i_3.
Related violations: <none>

LUTLP-2#7 Warning
Combinatorial Loop Allowed  
3 LUT cells form a combinatorial loop. This can create a race condition. Timing analysis may not be accurate. The preferred resolution is to modify the design to remove combinatorial logic loops. This loop has been identified in the constraints as being known and understood by use of the ALLOW_COMBINATORIAL_LOOPS property on a net in the loop. The cells in the loop are: u_regs/g_ro[15].chain_inferred_i_4, u_src/g_ro[15].chain_inferred_i_2
u_src/g_ro[15].chain_inferred_i_3.
Related violations: <none>

LUTLP-2#8 Warning
Combinatorial Loop Allowed  
3 LUT cells form a combinatorial loop. This can create a race condition. Timing analysis may not be accurate. The preferred resolution is to modify the design to remove combinatorial logic loops. This loop has been identified in the constraints as being known and understood by use of the ALLOW_COMBINATORIAL_LOOPS property on a net in the loop. The cells in the loop are: u_regs/g_ro[1].chain_inferred_i_4, u_src/g_ro[1].chain_inferred_i_2
u_src/g_ro[1].chain_inferred_i_3.
Related violations: <none>

LUTLP-2#9 Warning
Combinatorial Loop Allowed  
3 LUT cells form a combinatorial loop. This can create a race condition. Timing analysis may not be accurate. The preferred resolution is to modify the design to remove combinatorial logic loops. This loop has been identified in the constraints as being known and understood by use of the ALLOW_COMBINATORIAL_LOOPS property on a net in the loop. The cells in the loop are: u_regs/g_ro[2].chain_inferred_i_4, u_src/g_ro[2].chain_inferred_i_2
u_src/g_ro[2].chain_inferred_i_3.
Related violations: <none>

LUTLP-2#10 Warning
Combinatorial Loop Allowed  
3 LUT cells form a combinatorial loop. This can create a race condition. Timing analysis may not be accurate. The preferred resolution is to modify the design to remove combinatorial logic loops. This loop has been identified in the constraints as being known and understood by use of the ALLOW_COMBINATORIAL_LOOPS property on a net in the loop. The cells in the loop are: u_regs/g_ro[3].chain_inferred_i_4, u_src/g_ro[3].chain_inferred_i_2
u_src/g_ro[3].chain_inferred_i_3.
Related violations: <none>

LUTLP-2#11 Warning
Combinatorial Loop Allowed  
3 LUT cells form a combinatorial loop. This can create a race condition. Timing analysis may not be accurate. The preferred resolution is to modify the design to remove combinatorial logic loops. This loop has been identified in the constraints as being known and understood by use of the ALLOW_COMBINATORIAL_LOOPS property on a net in the loop. The cells in the loop are: u_regs/g_ro[4].chain_inferred_i_4, u_src/g_ro[4].chain_inferred_i_2
u_src/g_ro[4].chain_inferred_i_3.
Related violations: <none>

LUTLP-2#12 Warning
Combinatorial Loop Allowed  
3 LUT cells form a combinatorial loop. This can create a race condition. Timing analysis may not be accurate. The preferred resolution is to modify the design to remove combinatorial logic loops. This loop has been identified in the constraints as being known and understood by use of the ALLOW_COMBINATORIAL_LOOPS property on a net in the loop. The cells in the loop are: u_regs/g_ro[5].chain_inferred_i_4, u_src/g_ro[5].chain_inferred_i_2
u_src/g_ro[5].chain_inferred_i_3.
Related violations: <none>

LUTLP-2#13 Warning
Combinatorial Loop Allowed  
3 LUT cells form a combinatorial loop. This can create a race condition. Timing analysis may not be accurate. The preferred resolution is to modify the design to remove combinatorial logic loops. This loop has been identified in the constraints as being known and understood by use of the ALLOW_COMBINATORIAL_LOOPS property on a net in the loop. The cells in the loop are: u_regs/g_ro[6].chain_inferred_i_4, u_src/g_ro[6].chain_inferred_i_2
u_src/g_ro[6].chain_inferred_i_3.
Related violations: <none>

LUTLP-2#14 Warning
Combinatorial Loop Allowed  
3 LUT cells form a combinatorial loop. This can create a race condition. Timing analysis may not be accurate. The preferred resolution is to modify the design to remove combinatorial logic loops. This loop has been identified in the constraints as being known and understood by use of the ALLOW_COMBINATORIAL_LOOPS property on a net in the loop. The cells in the loop are: u_regs/g_ro[7].chain_inferred_i_4, u_src/g_ro[7].chain_inferred_i_2
u_src/g_ro[7].chain_inferred_i_3.
Related violations: <none>

LUTLP-2#15 Warning
Combinatorial Loop Allowed  
3 LUT cells form a combinatorial loop. This can create a race condition. Timing analysis may not be accurate. The preferred resolution is to modify the design to remove combinatorial logic loops. This loop has been identified in the constraints as being known and understood by use of the ALLOW_COMBINATORIAL_LOOPS property on a net in the loop. The cells in the loop are: u_regs/g_ro[8].chain_inferred_i_4, u_src/g_ro[8].chain_inferred_i_2
u_src/g_ro[8].chain_inferred_i_3.
Related violations: <none>

LUTLP-2#16 Warning
Combinatorial Loop Allowed  
3 LUT cells form a combinatorial loop. This can create a race condition. Timing analysis may not be accurate. The preferred resolution is to modify the design to remove combinatorial logic loops. This loop has been identified in the constraints as being known and understood by use of the ALLOW_COMBINATORIAL_LOOPS property on a net in the loop. The cells in the loop are: u_regs/g_ro[9].chain_inferred_i_4, u_src/g_ro[9].chain_inferred_i_2
u_src/g_ro[9].chain_inferred_i_3.
Related violations: <none>

ZPS7-1#1 Warning
PS7 block required  
The PS7 cell must be used in this Zynq design in order to enable correct default configuration.
Related violations: <none>


