Copyright 1986-2022 Xilinx, Inc. All Rights Reserved. Copyright 2022-2026 Advanced Micro Devices, Inc. All Rights Reserved.
---------------------------------------------------------------------------------------------------------------------------------------------
| Tool Version : Vivado v.2026.1 (win64) Build 6511674 Tue Jun 16 11:02:23 MDT 2026
| Date         : Thu Oct  1 20:21:00 2026
| Host         : boobieJuicer9000 running 64-bit major release  (build 9200)
| Command      : report_timing_summary -file P:/Downloads/freq-lab/fpga/trng/build/timing_impl.rpt
| Design       : trng_top
| Device       : 7z020-clg400
| Speed File   : -2  PRODUCTION 1.12 2019-11-22
| Design State : Routed
---------------------------------------------------------------------------------------------------------------------------------------------

Timing Summary Report

------------------------------------------------------------------------------------------------
| Timer Settings
| --------------
------------------------------------------------------------------------------------------------

  Enable Multi Corner Analysis               :  Yes
  Enable Pessimism Removal                   :  Yes
  Pessimism Removal Resolution               :  Nearest Common Node
  Enable Input Delay Default Clock           :  No
  Enable Preset / Clear Arcs                 :  No
  Disable Flight Delays                      :  No
  Ignore I/O Paths                           :  No
  Timing Early Launch at Borrowing Latches   :  No
  Borrow Time for Max Delay Exceptions       :  Yes
  Merge Timing Exceptions                    :  Yes
  Inter-SLR Compensation                     :  Conservative

  Corner  Analyze    Analyze    
  Name    Max Paths  Min Paths  
  ------  ---------  ---------  
  Slow    Yes        Yes        
  Fast    Yes        Yes        


------------------------------------------------------------------------------------------------
| Report Methodology
| ------------------
------------------------------------------------------------------------------------------------

No report available as report_methodology has not been run prior. Run report_methodology on the current design for the summary of methodology violations.



check_timing report

Table of Contents
-----------------
1. checking no_clock (0)
2. checking constant_clock (0)
3. checking pulse_width_clock (0)
4. checking unconstrained_internal_endpoints (0)
5. checking no_input_delay (3)
6. checking no_output_delay (4)
7. checking multiple_clock (0)
8. checking generated_clocks (0)
9. checking loops (16)
10. checking partial_input_delay (0)
11. checking partial_output_delay (0)
12. checking latch_loops (0)

1. checking no_clock (0)
------------------------
 There are 0 register/latch pins with no clock.


2. checking constant_clock (0)
------------------------------
 There are 0 register/latch pins with constant_clock.


3. checking pulse_width_clock (0)
---------------------------------
 There are 0 register/latch pins which need pulse_width check


4. checking unconstrained_internal_endpoints (0)
------------------------------------------------
 There are 0 pins that are not constrained for maximum delay.

 There are 0 pins that are not constrained for maximum delay due to constant clock.


5. checking no_input_delay (3)
------------------------------
 There are 0 input ports with no input delay specified.

 There are 3 input ports with no input delay but user has a false path constraint. (MEDIUM)


6. checking no_output_delay (4)
-------------------------------
 There are 0 ports with no output delay specified.

 There are 4 ports with no output delay but user has a false path constraint (MEDIUM)

 There are 0 ports with no output delay but with a timing clock defined on it or propagating through it


7. checking multiple_clock (0)
------------------------------
 There are 0 register/latch pins with multiple clocks.


8. checking generated_clocks (0)
--------------------------------
 There are 0 generated clocks that are not connected to a clock source.


9. checking loops (16)
----------------------
 There are 16 combinational loops in the design. (HIGH)


10. checking partial_input_delay (0)
------------------------------------
 There are 0 input ports with partial input delay specified.


11. checking partial_output_delay (0)
-------------------------------------
 There are 0 ports with partial output delay specified.


12. checking latch_loops (0)
----------------------------
 There are 0 combinational latch loops in the design through latch input



------------------------------------------------------------------------------------------------
| Design Timing Summary
| ---------------------
------------------------------------------------------------------------------------------------

    WNS(ns)      TNS(ns)  TNS Failing Endpoints  TNS Total Endpoints      WHS(ns)      THS(ns)  THS Failing Endpoints  THS Total Endpoints     WPWS(ns)     TPWS(ns)  TPWS Failing Endpoints  TPWS Total Endpoints  
    -------      -------  ---------------------  -------------------      -------      -------  ---------------------  -------------------     --------     --------  ----------------------  --------------------  
     12.591        0.000                      0                 2289        0.115        0.000                      0                 2289        8.870        0.000                       0                   754  


All user specified timing constraints are met.


------------------------------------------------------------------------------------------------
| Clock Summary
| -------------
------------------------------------------------------------------------------------------------

Clock    Waveform(ns)       Period(ns)      Frequency(MHz)
-----    ------------       ----------      --------------
clk_50m  {0.000 10.000}     20.000          50.000          


------------------------------------------------------------------------------------------------
| Intra Clock Table
| -----------------
------------------------------------------------------------------------------------------------

Clock             WNS(ns)      TNS(ns)  TNS Failing Endpoints  TNS Total Endpoints      WHS(ns)      THS(ns)  THS Failing Endpoints  THS Total Endpoints     WPWS(ns)     TPWS(ns)  TPWS Failing Endpoints  TPWS Total Endpoints  
-----             -------      -------  ---------------------  -------------------      -------      -------  ---------------------  -------------------     --------     --------  ----------------------  --------------------  
clk_50m            12.591        0.000                      0                 2289        0.115        0.000                      0                 2289        8.870        0.000                       0                   754  


------------------------------------------------------------------------------------------------
| Inter Clock Table
| -----------------
------------------------------------------------------------------------------------------------

From Clock    To Clock          WNS(ns)      TNS(ns)  TNS Failing Endpoints  TNS Total Endpoints      WHS(ns)      THS(ns)  THS Failing Endpoints  THS Total Endpoints  
----------    --------          -------      -------  ---------------------  -------------------      -------      -------  ---------------------  -------------------  


------------------------------------------------------------------------------------------------
| Other Path Groups Table
| -----------------------
------------------------------------------------------------------------------------------------

Path Group    From Clock    To Clock          WNS(ns)      TNS(ns)  TNS Failing Endpoints  TNS Total Endpoints      WHS(ns)      THS(ns)  THS Failing Endpoints  THS Total Endpoints  
----------    ----------    --------          -------      -------  ---------------------  -------------------      -------      -------  ---------------------  -------------------  


------------------------------------------------------------------------------------------------
| Timing Details
| --------------
------------------------------------------------------------------------------------------------


---------------------------------------------------------------------------------------------------
From Clock:  clk_50m
  To Clock:  clk_50m

Setup :            0  Failing Endpoints,  Worst Slack       12.591ns,  Total Violation        0.000ns
Hold  :            0  Failing Endpoints,  Worst Slack        0.115ns,  Total Violation        0.000ns
PW    :            0  Failing Endpoints,  Worst Slack        8.870ns,  Total Violation        0.000ns
---------------------------------------------------------------------------------------------------


Max Delay Paths
--------------------------------------------------------------------------------------
Slack (MET) :             12.591ns  (required time - arrival time)
  Source:                 u_regs/sr_reg[0]/C
                            (rising edge-triggered cell FDRE clocked by clk_50m  {rise@0.000ns fall@10.000ns period=20.000ns})
  Destination:            u_regs/txbuf_reg[50]/D
                            (rising edge-triggered cell FDRE clocked by clk_50m  {rise@0.000ns fall@10.000ns period=20.000ns})
  Path Group:             clk_50m
  Path Type:              Setup (Max at Slow Process Corner)
  Requirement:            20.000ns  (clk_50m rise@20.000ns - clk_50m rise@0.000ns)
  Data Path Delay:        7.294ns  (logic 1.306ns (17.905%)  route 5.988ns (82.095%))
  Logic Levels:           5  (LUT2=2 LUT6=3)
  Clock Path Skew:        -0.113ns (DCD - SCD + CPR)
    Destination Clock Delay (DCD):    4.585ns = ( 24.585 - 20.000 ) 
    Source Clock Delay      (SCD):    5.055ns
    Clock Pessimism Removal (CPR):    0.357ns
  Clock Uncertainty:      0.035ns  ((TSJ^2 + TIJ^2)^1/2 + DJ) / 2 + PE
    Total System Jitter     (TSJ):    0.071ns
    Total Input Jitter      (TIJ):    0.000ns
    Discrete Jitter          (DJ):    0.000ns
    Phase Error              (PE):    0.000ns

    Location             Delay type                Incr(ns)  Path(ns)    Netlist Resource(s)
  -------------------------------------------------------------------    -------------------
                         (clock clk_50m rise edge)    0.000     0.000 r  <hidden>
    U18                                               0.000     0.000 r  clk_50m
                         net (fo=0)                   0.000     0.000    clk_50m
    U18                  IBUF (Prop_ibuf_I_O)         1.429     1.429 r  clk_50m_IBUF_inst/O
                         net (fo=1, routed)           1.873     3.302    clk_50m_IBUF
    BUFGCTRL_X0Y16       BUFG (Prop_bufg_I_O)         0.085     3.387 r  clk_50m_IBUF_BUFG_inst/O
                         net (fo=753, routed)         1.668     5.055    u_regs/clk_50m_IBUF_BUFG
    SLICE_X98Y134        FDRE                                         r  u_regs/sr_reg[0]/C
  -------------------------------------------------------------------    -------------------
    SLICE_X98Y134        FDRE (Prop_fdre_C_Q)         0.433     5.488 r  u_regs/sr_reg[0]/Q
                         net (fo=89, routed)          2.174     7.663    u_regs/sr_reg[3]_1[0]
    SLICE_X84Y131        LUT2 (Prop_lut2_I1_O)        0.119     7.782 f  u_regs/pop_i_3/O
                         net (fo=2, routed)           0.986     8.768    u_regs/pop_i_3_n_0
    SLICE_X94Y134        LUT6 (Prop_lut6_I0_O)        0.267     9.035 r  u_regs/txbuf[67]_i_4/O
                         net (fo=32, routed)          0.949     9.984    u_regs/txbuf[67]_i_4_n_0
    SLICE_X87Y134        LUT6 (Prop_lut6_I0_O)        0.105    10.089 f  u_regs/txbuf[54]_i_3/O
                         net (fo=2, routed)           1.089    11.178    u_regs/u_rx/txbuf_reg[50]
    SLICE_X91Y132        LUT2 (Prop_lut2_I0_O)        0.115    11.293 f  u_regs/u_rx/txbuf[50]_i_2/O
                         net (fo=1, routed)           0.790    12.082    u_regs/u_rx/txbuf[50]_i_2_n_0
    SLICE_X88Y135        LUT6 (Prop_lut6_I2_O)        0.267    12.349 r  u_regs/u_rx/txbuf[50]_i_1/O
                         net (fo=1, routed)           0.000    12.349    u_regs/txbuf1_out[50]
    SLICE_X88Y135        FDRE                                         r  u_regs/txbuf_reg[50]/D
  -------------------------------------------------------------------    -------------------

                         (clock clk_50m rise edge)   20.000    20.000 r  <hidden>
    U18                                               0.000    20.000 r  clk_50m
                         net (fo=0)                   0.000    20.000    clk_50m
    U18                  IBUF (Prop_ibuf_I_O)         1.363    21.363 r  clk_50m_IBUF_inst/O
                         net (fo=1, routed)           1.701    23.064    clk_50m_IBUF
    BUFGCTRL_X0Y16       BUFG (Prop_bufg_I_O)         0.077    23.141 r  clk_50m_IBUF_BUFG_inst/O
                         net (fo=753, routed)         1.444    24.585    u_regs/clk_50m_IBUF_BUFG
    SLICE_X88Y135        FDRE                                         r  u_regs/txbuf_reg[50]/C
                         clock pessimism              0.357    24.942    <hidden>
                         clock uncertainty           -0.035    24.907    <hidden>
    SLICE_X88Y135        FDRE (Setup_fdre_C_D)        0.033    24.940    u_regs/txbuf_reg[50]
  -------------------------------------------------------------------
                         required time                         24.940    <hidden>
                         arrival time                         -12.349    <hidden>
  -------------------------------------------------------------------
                         slack                                 12.591    <hidden>





Min Delay Paths
--------------------------------------------------------------------------------------
Slack (MET) :             0.115ns  (arrival time - required time)
  Source:                 u_core/word_reg[24]/C
                            (rising edge-triggered cell FDRE clocked by clk_50m  {rise@0.000ns fall@10.000ns period=20.000ns})
  Destination:            u_regs/fifo_reg_0_63_24_26/RAMA/I
                            (rising edge-triggered cell RAMD64E clocked by clk_50m  {rise@0.000ns fall@10.000ns period=20.000ns})
  Path Group:             clk_50m
  Path Type:              Hold (Min at Fast Process Corner)
  Requirement:            0.000ns  (clk_50m rise@0.000ns - clk_50m rise@0.000ns)
  Data Path Delay:        0.278ns  (logic 0.164ns (59.050%)  route 0.114ns (40.950%))
  Logic Levels:           0  
  Clock Path Skew:        0.016ns (DCD - SCD - CPR)
    Destination Clock Delay (DCD):    2.174ns
    Source Clock Delay      (SCD):    1.652ns
    Clock Pessimism Removal (CPR):    0.506ns

    Location             Delay type                Incr(ns)  Path(ns)    Netlist Resource(s)
  -------------------------------------------------------------------    -------------------
                         (clock clk_50m rise edge)    0.000     0.000 r  <hidden>
    U18                                               0.000     0.000 r  clk_50m
                         net (fo=0)                   0.000     0.000    clk_50m
    U18                  IBUF (Prop_ibuf_I_O)         0.266     0.266 r  clk_50m_IBUF_inst/O
                         net (fo=1, routed)           0.674     0.940    clk_50m_IBUF
    BUFGCTRL_X0Y16       BUFG (Prop_bufg_I_O)         0.026     0.966 r  clk_50m_IBUF_BUFG_inst/O
                         net (fo=753, routed)         0.686     1.652    u_core/clk_50m_IBUF_BUFG
    SLICE_X90Y139        FDRE                                         r  u_core/word_reg[24]/C
  -------------------------------------------------------------------    -------------------
    SLICE_X90Y139        FDRE (Prop_fdre_C_Q)         0.164     1.816 r  u_core/word_reg[24]/Q
                         net (fo=1, routed)           0.114     1.930    u_regs/fifo_reg_0_63_24_26/DIA
    SLICE_X90Y138        RAMD64E                                      r  u_regs/fifo_reg_0_63_24_26/RAMA/I
  -------------------------------------------------------------------    -------------------

                         (clock clk_50m rise edge)    0.000     0.000 r  <hidden>
    U18                                               0.000     0.000 r  clk_50m
                         net (fo=0)                   0.000     0.000    clk_50m
    U18                  IBUF (Prop_ibuf_I_O)         0.454     0.454 r  clk_50m_IBUF_inst/O
                         net (fo=1, routed)           0.731     1.185    clk_50m_IBUF
    BUFGCTRL_X0Y16       BUFG (Prop_bufg_I_O)         0.029     1.214 r  clk_50m_IBUF_BUFG_inst/O
                         net (fo=753, routed)         0.960     2.174    u_regs/fifo_reg_0_63_24_26/WCLK
    SLICE_X90Y138        RAMD64E                                      r  u_regs/fifo_reg_0_63_24_26/RAMA/CLK
                         clock pessimism             -0.506     1.668    <hidden>
    SLICE_X90Y138        RAMD64E (Hold_ramd64e_CLK_I)
                                                      0.147     1.815    u_regs/fifo_reg_0_63_24_26/RAMA
  -------------------------------------------------------------------
                         required time                         -1.815    <hidden>
                         arrival time                           1.930    <hidden>
  -------------------------------------------------------------------
                         slack                                  0.115    <hidden>





Pulse Width Checks
--------------------------------------------------------------------------------------
Clock Name:         clk_50m
Waveform(ns):       { 0.000 10.000 }
Period(ns):         20.000
Sources:            { clk_50m }

Check Type        Corner  Lib Pin      Reference Pin  Required(ns)  Actual(ns)  Slack(ns)  Location       Pin
Min Period        n/a     XADC/DCLK    n/a            4.000         20.000      16.000     XADC_X0Y0      u_xadc/u_xadc/DCLK
Low Pulse Width   Slow    RAMD64E/CLK  n/a            1.130         10.000      8.870      SLICE_X96Y136  u_regs/fifo_reg_0_63_0_2/RAMA/CLK
High Pulse Width  Slow    RAMD64E/CLK  n/a            1.130         10.000      8.870      SLICE_X96Y136  u_regs/fifo_reg_0_63_0_2/RAMA/CLK



