Copyright 1986-2022 Xilinx, Inc. All Rights Reserved. Copyright 2022-2026 Advanced Micro Devices, Inc. All Rights Reserved.
---------------------------------------------------------------------------------------------------------------------------------------------
| Tool Version : Vivado v.2026.1 (win64) Build 6511674 Tue Jun 16 11:02:23 MDT 2026
| Date         : Wed Sep 30 23:37:43 2026
| Host         : boobieJuicer9000 running 64-bit major release  (build 9200)
| Command      : report_methodology -file P:/Downloads/freq-lab/fpga/correlator/build/methodology.rpt
| Design       : correlator_top
| Device       : xc7z020clg400-2
| Speed File   : -2
| Design State : Fully Routed
---------------------------------------------------------------------------------------------------------------------------------------------

Report Methodology

Table of Contents
-----------------
1. REPORT SUMMARY
2. REPORT DETAILS

1. REPORT SUMMARY
-----------------
            Netlist: correlator_top
          Floorplan: design_1
      Design limits: <entire design considered>
             Max checks: <unlimited>
             Checks found: 4
+-----------+----------+-------------------------------+--------+
| Rule      | Severity | Description                   | Checks |
+-----------+----------+-------------------------------+--------+
| TIMING-18 | Warning  | Missing input or output delay | 4      |
+-----------+----------+-------------------------------+--------+

2. REPORT DETAILS
-----------------
TIMING-18#1 Warning
Missing input or output delay  
An output delay is missing on fan_pwm_o relative to the rising and/or falling clock edge(s) of clk_50m.
Related violations: <none>

TIMING-18#2 Warning
Missing input or output delay  
An output delay is missing on led_act relative to the rising and/or falling clock edge(s) of clk_50m.
Related violations: <none>

TIMING-18#3 Warning
Missing input or output delay  
An output delay is missing on led_hb relative to the rising and/or falling clock edge(s) of clk_50m.
Related violations: <none>

TIMING-18#4 Warning
Missing input or output delay  
An output delay is missing on uart_tx relative to the rising and/or falling clock edge(s) of clk_50m.
Related violations: <none>


