Copyright 1986-2022 Xilinx, Inc. All Rights Reserved. Copyright 2022-2026 Advanced Micro Devices, Inc. All Rights Reserved.
---------------------------------------------------------------------------------------------------------------------------------------------
| Tool Version : Vivado v.2026.1 (win64) Build 6511674 Tue Jun 16 11:02:23 MDT 2026
| Date         : Wed Sep 30 23:37:39 2026
| Host         : boobieJuicer9000 running 64-bit major release  (build 9200)
| Command      : report_timing_summary -file P:/Downloads/freq-lab/fpga/correlator/build/timing_impl.rpt
| Design       : correlator_top
| Device       : 7z020-clg400
| Speed File   : -2  PRODUCTION 1.12 2019-11-22
| Design State : Routed
---------------------------------------------------------------------------------------------------------------------------------------------

Timing Summary Report

------------------------------------------------------------------------------------------------
| Timer Settings
| --------------
------------------------------------------------------------------------------------------------

  Enable Multi Corner Analysis               :  Yes
  Enable Pessimism Removal                   :  Yes
  Pessimism Removal Resolution               :  Nearest Common Node
  Enable Input Delay Default Clock           :  No
  Enable Preset / Clear Arcs                 :  No
  Disable Flight Delays                      :  No
  Ignore I/O Paths                           :  No
  Timing Early Launch at Borrowing Latches   :  No
  Borrow Time for Max Delay Exceptions       :  Yes
  Merge Timing Exceptions                    :  Yes
  Inter-SLR Compensation                     :  Conservative

  Corner  Analyze    Analyze    
  Name    Max Paths  Min Paths  
  ------  ---------  ---------  
  Slow    Yes        Yes        
  Fast    Yes        Yes        


------------------------------------------------------------------------------------------------
| Report Methodology
| ------------------
------------------------------------------------------------------------------------------------

No report available as report_methodology has not been run prior. Run report_methodology on the current design for the summary of methodology violations.



check_timing report

Table of Contents
-----------------
1. checking no_clock (0)
2. checking constant_clock (0)
3. checking pulse_width_clock (0)
4. checking unconstrained_internal_endpoints (0)
5. checking no_input_delay (4)
6. checking no_output_delay (4)
7. checking multiple_clock (0)
8. checking generated_clocks (0)
9. checking loops (0)
10. checking partial_input_delay (0)
11. checking partial_output_delay (0)
12. checking latch_loops (0)

1. checking no_clock (0)
------------------------
 There are 0 register/latch pins with no clock.


2. checking constant_clock (0)
------------------------------
 There are 0 register/latch pins with constant_clock.


3. checking pulse_width_clock (0)
---------------------------------
 There are 0 register/latch pins which need pulse_width check


4. checking unconstrained_internal_endpoints (0)
------------------------------------------------
 There are 0 pins that are not constrained for maximum delay.

 There are 0 pins that are not constrained for maximum delay due to constant clock.


5. checking no_input_delay (4)
------------------------------
 There are 0 input ports with no input delay specified.

 There are 4 input ports with no input delay but user has a false path constraint. (MEDIUM)


6. checking no_output_delay (4)
-------------------------------
 There are 4 ports with no output delay specified. (HIGH)

 There are 0 ports with no output delay but user has a false path constraint

 There are 0 ports with no output delay but with a timing clock defined on it or propagating through it


7. checking multiple_clock (0)
------------------------------
 There are 0 register/latch pins with multiple clocks.


8. checking generated_clocks (0)
--------------------------------
 There are 0 generated clocks that are not connected to a clock source.


9. checking loops (0)
---------------------
 There are 0 combinational loops in the design.


10. checking partial_input_delay (0)
------------------------------------
 There are 0 input ports with partial input delay specified.


11. checking partial_output_delay (0)
-------------------------------------
 There are 0 ports with partial output delay specified.


12. checking latch_loops (0)
----------------------------
 There are 0 combinational latch loops in the design through latch input



------------------------------------------------------------------------------------------------
| Design Timing Summary
| ---------------------
------------------------------------------------------------------------------------------------

    WNS(ns)      TNS(ns)  TNS Failing Endpoints  TNS Total Endpoints      WHS(ns)      THS(ns)  THS Failing Endpoints  THS Total Endpoints     WPWS(ns)     TPWS(ns)  TPWS Failing Endpoints  TPWS Total Endpoints  
    -------      -------  ---------------------  -------------------      -------      -------  ---------------------  -------------------     --------     --------  ----------------------  --------------------  
      8.109        0.000                      0                 6118        0.121        0.000                      0                 6118        8.870        0.000                       0                  1862  


All user specified timing constraints are met.


------------------------------------------------------------------------------------------------
| Clock Summary
| -------------
------------------------------------------------------------------------------------------------

Clock    Waveform(ns)       Period(ns)      Frequency(MHz)
-----    ------------       ----------      --------------
clk_50m  {0.000 10.000}     20.000          50.000          


------------------------------------------------------------------------------------------------
| Intra Clock Table
| -----------------
------------------------------------------------------------------------------------------------

Clock             WNS(ns)      TNS(ns)  TNS Failing Endpoints  TNS Total Endpoints      WHS(ns)      THS(ns)  THS Failing Endpoints  THS Total Endpoints     WPWS(ns)     TPWS(ns)  TPWS Failing Endpoints  TPWS Total Endpoints  
-----             -------      -------  ---------------------  -------------------      -------      -------  ---------------------  -------------------     --------     --------  ----------------------  --------------------  
clk_50m             8.109        0.000                      0                 6118        0.121        0.000                      0                 6118        8.870        0.000                       0                  1862  


------------------------------------------------------------------------------------------------
| Inter Clock Table
| -----------------
------------------------------------------------------------------------------------------------

From Clock    To Clock          WNS(ns)      TNS(ns)  TNS Failing Endpoints  TNS Total Endpoints      WHS(ns)      THS(ns)  THS Failing Endpoints  THS Total Endpoints  
----------    --------          -------      -------  ---------------------  -------------------      -------      -------  ---------------------  -------------------  


------------------------------------------------------------------------------------------------
| Other Path Groups Table
| -----------------------
------------------------------------------------------------------------------------------------

Path Group    From Clock    To Clock          WNS(ns)      TNS(ns)  TNS Failing Endpoints  TNS Total Endpoints      WHS(ns)      THS(ns)  THS Failing Endpoints  THS Total Endpoints  
----------    ----------    --------          -------      -------  ---------------------  -------------------      -------      -------  ---------------------  -------------------  


------------------------------------------------------------------------------------------------
| Timing Details
| --------------
------------------------------------------------------------------------------------------------


---------------------------------------------------------------------------------------------------
From Clock:  clk_50m
  To Clock:  clk_50m

Setup :            0  Failing Endpoints,  Worst Slack        8.109ns,  Total Violation        0.000ns
Hold  :            0  Failing Endpoints,  Worst Slack        0.121ns,  Total Violation        0.000ns
PW    :            0  Failing Endpoints,  Worst Slack        8.870ns,  Total Violation        0.000ns
---------------------------------------------------------------------------------------------------


Max Delay Paths
--------------------------------------------------------------------------------------
Slack (MET) :             8.109ns  (required time - arrival time)
  Source:                 u_core/buf_wr_reg[3]/C
                            (rising edge-triggered cell FDRE clocked by clk_50m  {rise@0.000ns fall@10.000ns period=20.000ns})
  Destination:            u_core/q_acc_reg[61]/D
                            (rising edge-triggered cell FDRE clocked by clk_50m  {rise@0.000ns fall@10.000ns period=20.000ns})
  Path Group:             clk_50m
  Path Type:              Setup (Max at Slow Process Corner)
  Requirement:            20.000ns  (clk_50m rise@20.000ns - clk_50m rise@0.000ns)
  Data Path Delay:        11.836ns  (logic 7.107ns (60.044%)  route 4.729ns (39.956%))
  Logic Levels:           24  (CARRY4=19 DSP48E1=1 LUT2=2 LUT6=1 RAMD64E=1)
  Clock Path Skew:        -0.078ns (DCD - SCD + CPR)
    Destination Clock Delay (DCD):    4.627ns = ( 24.627 - 20.000 ) 
    Source Clock Delay      (SCD):    5.062ns
    Clock Pessimism Removal (CPR):    0.357ns
  Clock Uncertainty:      0.035ns  ((TSJ^2 + TIJ^2)^1/2 + DJ) / 2 + PE
    Total System Jitter     (TSJ):    0.071ns
    Total Input Jitter      (TIJ):    0.000ns
    Discrete Jitter          (DJ):    0.000ns
    Phase Error              (PE):    0.000ns

    Location             Delay type                Incr(ns)  Path(ns)    Netlist Resource(s)
  -------------------------------------------------------------------    -------------------
                         (clock clk_50m rise edge)    0.000     0.000 r  <hidden>
    U18                                               0.000     0.000 r  clk_50m
                         net (fo=0)                   0.000     0.000    clk_50m
    U18                  IBUF (Prop_ibuf_I_O)         1.429     1.429 r  clk_50m_IBUF_inst/O
                         net (fo=1, routed)           1.873     3.302    clk_50m_IBUF
    BUFGCTRL_X0Y16       BUFG (Prop_bufg_I_O)         0.085     3.387 r  clk_50m_IBUF_BUFG_inst/O
                         net (fo=1861, routed)        1.675     5.062    u_core/clk_50m_IBUF_BUFG
    SLICE_X95Y106        FDRE                                         r  u_core/buf_wr_reg[3]/C
  -------------------------------------------------------------------    -------------------
    SLICE_X95Y106        FDRE (Prop_fdre_C_Q)         0.379     5.441 r  u_core/buf_wr_reg[3]/Q
                         net (fo=190, routed)         1.023     6.464    u_core/buf_wr[3]
    SLICE_X91Y107        LUT2 (Prop_lut2_I0_O)        0.105     6.569 r  u_core/q_acc3_carry_i_1/O
                         net (fo=1, routed)           0.000     6.569    u_core/q_acc3_carry_i_1_n_0
    SLICE_X91Y107        CARRY4 (Prop_carry4_S[3]_CO[3])
                                                      0.332     6.901 r  u_core/q_acc3_carry/CO[3]
                         net (fo=1, routed)           0.000     6.901    u_core/q_acc3_carry_n_0
    SLICE_X91Y108        CARRY4 (Prop_carry4_CI_O[0])
                                                      0.180     7.081 r  u_core/q_acc3_carry__0/O[0]
                         net (fo=54, routed)          0.867     7.948    u_core/q_acc3[4]
    SLICE_X93Y107        CARRY4 (Prop_carry4_DI[0]_O[1])
                                                      0.481     8.429 r  u_core/q_idx_b0_carry__0/O[1]
                         net (fo=52, routed)          0.792     9.221    u_core/buf_b_reg_128_191_0_2/ADDRC5
    SLICE_X98Y103        RAMD64E (Prop_ramd64e_RADR5_O)
                                                      0.250     9.471 r  u_core/buf_b_reg_128_191_0_2/RAMC/O
                         net (fo=1, routed)           0.923    10.394    u_core/buf_b_reg_128_191_0_2_n_2
    SLICE_X101Y104       LUT6 (Prop_lut6_I1_O)        0.105    10.499 r  u_core/q_acc1_i_11/O
                         net (fo=1, routed)           0.716    11.215    u_core/q_acc1_i_11_n_0
    DSP48_X3Y44          DSP48E1 (Prop_dsp48e1_B[2]_P[1])
                                                      3.076    14.291 r  u_core/q_acc1/P[1]
                         net (fo=1, routed)           0.401    14.692    u_core/q_acc1_n_104
    SLICE_X95Y110        LUT2 (Prop_lut2_I1_O)        0.105    14.797 r  u_core/q_acc0_carry_i_3/O
                         net (fo=1, routed)           0.000    14.797    u_core/q_acc0_carry_i_3_n_0
    SLICE_X95Y110        CARRY4 (Prop_carry4_S[1]_CO[3])
                                                      0.457    15.254 r  u_core/q_acc0_carry/CO[3]
                         net (fo=1, routed)           0.000    15.254    u_core/q_acc0_carry_n_0
    SLICE_X95Y111        CARRY4 (Prop_carry4_CI_CO[3])
                                                      0.098    15.352 r  u_core/q_acc0_carry__0/CO[3]
                         net (fo=1, routed)           0.000    15.352    u_core/q_acc0_carry__0_n_0
    SLICE_X95Y112        CARRY4 (Prop_carry4_CI_CO[3])
                                                      0.098    15.450 r  u_core/q_acc0_carry__1/CO[3]
                         net (fo=1, routed)           0.000    15.450    u_core/q_acc0_carry__1_n_0
    SLICE_X95Y113        CARRY4 (Prop_carry4_CI_CO[3])
                                                      0.098    15.548 r  u_core/q_acc0_carry__2/CO[3]
                         net (fo=1, routed)           0.000    15.548    u_core/q_acc0_carry__2_n_0
    SLICE_X95Y114        CARRY4 (Prop_carry4_CI_CO[3])
                                                      0.098    15.646 r  u_core/q_acc0_carry__3/CO[3]
                         net (fo=1, routed)           0.000    15.646    u_core/q_acc0_carry__3_n_0
    SLICE_X95Y115        CARRY4 (Prop_carry4_CI_CO[3])
                                                      0.098    15.744 r  u_core/q_acc0_carry__4/CO[3]
                         net (fo=1, routed)           0.000    15.744    u_core/q_acc0_carry__4_n_0
    SLICE_X95Y116        CARRY4 (Prop_carry4_CI_CO[3])
                                                      0.098    15.842 r  u_core/q_acc0_carry__5/CO[3]
                         net (fo=1, routed)           0.000    15.842    u_core/q_acc0_carry__5_n_0
    SLICE_X95Y117        CARRY4 (Prop_carry4_CI_CO[3])
                                                      0.098    15.940 r  u_core/q_acc0_carry__6/CO[3]
                         net (fo=1, routed)           0.000    15.940    u_core/q_acc0_carry__6_n_0
    SLICE_X95Y118        CARRY4 (Prop_carry4_CI_CO[3])
                                                      0.098    16.038 r  u_core/q_acc0_carry__7/CO[3]
                         net (fo=1, routed)           0.000    16.038    u_core/q_acc0_carry__7_n_0
    SLICE_X95Y119        CARRY4 (Prop_carry4_CI_CO[3])
                                                      0.098    16.136 r  u_core/q_acc0_carry__8/CO[3]
                         net (fo=1, routed)           0.000    16.136    u_core/q_acc0_carry__8_n_0
    SLICE_X95Y120        CARRY4 (Prop_carry4_CI_CO[3])
                                                      0.098    16.234 r  u_core/q_acc0_carry__9/CO[3]
                         net (fo=1, routed)           0.000    16.234    u_core/q_acc0_carry__9_n_0
    SLICE_X95Y121        CARRY4 (Prop_carry4_CI_CO[3])
                                                      0.098    16.332 r  u_core/q_acc0_carry__10/CO[3]
                         net (fo=1, routed)           0.000    16.332    u_core/q_acc0_carry__10_n_0
    SLICE_X95Y122        CARRY4 (Prop_carry4_CI_CO[3])
                                                      0.098    16.430 r  u_core/q_acc0_carry__11/CO[3]
                         net (fo=1, routed)           0.000    16.430    u_core/q_acc0_carry__11_n_0
    SLICE_X95Y123        CARRY4 (Prop_carry4_CI_CO[3])
                                                      0.098    16.528 r  u_core/q_acc0_carry__12/CO[3]
                         net (fo=1, routed)           0.000    16.528    u_core/q_acc0_carry__12_n_0
    SLICE_X95Y124        CARRY4 (Prop_carry4_CI_CO[3])
                                                      0.098    16.626 r  u_core/q_acc0_carry__13/CO[3]
                         net (fo=1, routed)           0.008    16.634    u_core/q_acc0_carry__13_n_0
    SLICE_X95Y125        CARRY4 (Prop_carry4_CI_O[1])
                                                      0.265    16.899 r  u_core/q_acc0_carry__14/O[1]
                         net (fo=1, routed)           0.000    16.899    u_core/in4[61]
    SLICE_X95Y125        FDRE                                         r  u_core/q_acc_reg[61]/D
  -------------------------------------------------------------------    -------------------

                         (clock clk_50m rise edge)   20.000    20.000 r  <hidden>
    U18                                               0.000    20.000 r  clk_50m
                         net (fo=0)                   0.000    20.000    clk_50m
    U18                  IBUF (Prop_ibuf_I_O)         1.363    21.363 r  clk_50m_IBUF_inst/O
                         net (fo=1, routed)           1.701    23.064    clk_50m_IBUF
    BUFGCTRL_X0Y16       BUFG (Prop_bufg_I_O)         0.077    23.141 r  clk_50m_IBUF_BUFG_inst/O
                         net (fo=1861, routed)        1.486    24.627    u_core/clk_50m_IBUF_BUFG
    SLICE_X95Y125        FDRE                                         r  u_core/q_acc_reg[61]/C
                         clock pessimism              0.357    24.984    <hidden>
                         clock uncertainty           -0.035    24.949    <hidden>
    SLICE_X95Y125        FDRE (Setup_fdre_C_D)        0.059    25.008    u_core/q_acc_reg[61]
  -------------------------------------------------------------------
                         required time                         25.008    <hidden>
                         arrival time                         -16.899    <hidden>
  -------------------------------------------------------------------
                         slack                                  8.109    <hidden>





Min Delay Paths
--------------------------------------------------------------------------------------
Slack (MET) :             0.121ns  (arrival time - required time)
  Source:                 u_core/buf_wr_reg[5]/C
                            (rising edge-triggered cell FDRE clocked by clk_50m  {rise@0.000ns fall@10.000ns period=20.000ns})
  Destination:            u_core/buf_a_reg_64_127_6_8/RAMA/WADR5
                            (rising edge-triggered cell RAMD64E clocked by clk_50m  {rise@0.000ns fall@10.000ns period=20.000ns})
  Path Group:             clk_50m
  Path Type:              Hold (Min at Fast Process Corner)
  Requirement:            0.000ns  (clk_50m rise@0.000ns - clk_50m rise@0.000ns)
  Data Path Delay:        0.325ns  (logic 0.141ns (43.388%)  route 0.184ns (56.612%))
  Logic Levels:           0  
  Clock Path Skew:        0.034ns (DCD - SCD - CPR)
    Destination Clock Delay (DCD):    2.175ns
    Source Clock Delay      (SCD):    1.655ns
    Clock Pessimism Removal (CPR):    0.486ns

    Location             Delay type                Incr(ns)  Path(ns)    Netlist Resource(s)
  -------------------------------------------------------------------    -------------------
                         (clock clk_50m rise edge)    0.000     0.000 r  <hidden>
    U18                                               0.000     0.000 r  clk_50m
                         net (fo=0)                   0.000     0.000    clk_50m
    U18                  IBUF (Prop_ibuf_I_O)         0.266     0.266 r  clk_50m_IBUF_inst/O
                         net (fo=1, routed)           0.674     0.940    clk_50m_IBUF
    BUFGCTRL_X0Y16       BUFG (Prop_bufg_I_O)         0.026     0.966 r  clk_50m_IBUF_BUFG_inst/O
                         net (fo=1861, routed)        0.689     1.655    u_core/clk_50m_IBUF_BUFG
    SLICE_X95Y106        FDRE                                         r  u_core/buf_wr_reg[5]/C
  -------------------------------------------------------------------    -------------------
    SLICE_X95Y106        FDRE (Prop_fdre_C_Q)         0.141     1.796 r  u_core/buf_wr_reg[5]/Q
                         net (fo=188, routed)         0.184     1.980    u_core/buf_a_reg_64_127_6_8/ADDRD5
    SLICE_X92Y107        RAMD64E                                      r  u_core/buf_a_reg_64_127_6_8/RAMA/WADR5
  -------------------------------------------------------------------    -------------------

                         (clock clk_50m rise edge)    0.000     0.000 r  <hidden>
    U18                                               0.000     0.000 r  clk_50m
                         net (fo=0)                   0.000     0.000    clk_50m
    U18                  IBUF (Prop_ibuf_I_O)         0.454     0.454 r  clk_50m_IBUF_inst/O
                         net (fo=1, routed)           0.731     1.185    clk_50m_IBUF
    BUFGCTRL_X0Y16       BUFG (Prop_bufg_I_O)         0.029     1.214 r  clk_50m_IBUF_BUFG_inst/O
                         net (fo=1861, routed)        0.961     2.175    u_core/buf_a_reg_64_127_6_8/WCLK
    SLICE_X92Y107        RAMD64E                                      r  u_core/buf_a_reg_64_127_6_8/RAMA/CLK
                         clock pessimism             -0.486     1.689    <hidden>
    SLICE_X92Y107        RAMD64E (Hold_ramd64e_CLK_WADR5)
                                                      0.170     1.859    u_core/buf_a_reg_64_127_6_8/RAMA
  -------------------------------------------------------------------
                         required time                         -1.859    <hidden>
                         arrival time                           1.980    <hidden>
  -------------------------------------------------------------------
                         slack                                  0.121    <hidden>





Pulse Width Checks
--------------------------------------------------------------------------------------
Clock Name:         clk_50m
Waveform(ns):       { 0.000 10.000 }
Period(ns):         20.000
Sources:            { clk_50m }

Check Type        Corner  Lib Pin      Reference Pin  Required(ns)  Actual(ns)  Slack(ns)  Location       Pin
Min Period        n/a     XADC/DCLK    n/a            4.000         20.000      16.000     XADC_X0Y0      u_xadc/u_xadc/DCLK
Low Pulse Width   Slow    RAMD64E/CLK  n/a            1.130         10.000      8.870      SLICE_X94Y104  u_core/buf_a_reg_0_63_0_2/RAMA/CLK
High Pulse Width  Slow    RAMD64E/CLK  n/a            1.130         10.000      8.870      SLICE_X94Y104  u_core/buf_a_reg_0_63_0_2/RAMA/CLK



