Copyright 1986-2022 Xilinx, Inc. All Rights Reserved. Copyright 2022-2026 Advanced Micro Devices, Inc. All Rights Reserved.
---------------------------------------------------------------------------------------------------------------------------------------------
| Tool Version : Vivado v.2026.1 (win64) Build 6511674 Tue Jun 16 11:02:23 MDT 2026
| Date         : Wed Sep 30 23:36:51 2026
| Host         : boobieJuicer9000 running 64-bit major release  (build 9200)
| Command      : report_timing_summary -file P:/Downloads/freq-lab/fpga/correlator/build/timing_synth.rpt
| Design       : correlator_top
| Device       : 7z020-clg400
| Speed File   : -2  PRODUCTION 1.12 2019-11-22
| Design State : Synthesized
---------------------------------------------------------------------------------------------------------------------------------------------

Timing Summary Report

------------------------------------------------------------------------------------------------
| Timer Settings
| --------------
------------------------------------------------------------------------------------------------

  Enable Multi Corner Analysis               :  Yes
  Enable Pessimism Removal                   :  Yes
  Pessimism Removal Resolution               :  Nearest Common Node
  Enable Input Delay Default Clock           :  No
  Enable Preset / Clear Arcs                 :  No
  Disable Flight Delays                      :  No
  Ignore I/O Paths                           :  No
  Timing Early Launch at Borrowing Latches   :  No
  Borrow Time for Max Delay Exceptions       :  Yes
  Merge Timing Exceptions                    :  Yes
  Inter-SLR Compensation                     :  Conservative

  Corner  Analyze    Analyze    
  Name    Max Paths  Min Paths  
  ------  ---------  ---------  
  Slow    Yes        Yes        
  Fast    Yes        Yes        


------------------------------------------------------------------------------------------------
| Report Methodology
| ------------------
------------------------------------------------------------------------------------------------

No report available as report_methodology has not been run prior. Run report_methodology on the current design for the summary of methodology violations.



check_timing report

Table of Contents
-----------------
1. checking no_clock (0)
2. checking constant_clock (0)
3. checking pulse_width_clock (0)
4. checking unconstrained_internal_endpoints (0)
5. checking no_input_delay (4)
6. checking no_output_delay (4)
7. checking multiple_clock (0)
8. checking generated_clocks (0)
9. checking loops (0)
10. checking partial_input_delay (0)
11. checking partial_output_delay (0)
12. checking latch_loops (0)

1. checking no_clock (0)
------------------------
 There are 0 register/latch pins with no clock.


2. checking constant_clock (0)
------------------------------
 There are 0 register/latch pins with constant_clock.


3. checking pulse_width_clock (0)
---------------------------------
 There are 0 register/latch pins which need pulse_width check


4. checking unconstrained_internal_endpoints (0)
------------------------------------------------
 There are 0 pins that are not constrained for maximum delay.

 There are 0 pins that are not constrained for maximum delay due to constant clock.


5. checking no_input_delay (4)
------------------------------
 There are 0 input ports with no input delay specified.

 There are 4 input ports with no input delay but user has a false path constraint. (MEDIUM)


6. checking no_output_delay (4)
-------------------------------
 There are 4 ports with no output delay specified. (HIGH)

 There are 0 ports with no output delay but user has a false path constraint

 There are 0 ports with no output delay but with a timing clock defined on it or propagating through it


7. checking multiple_clock (0)
------------------------------
 There are 0 register/latch pins with multiple clocks.


8. checking generated_clocks (0)
--------------------------------
 There are 0 generated clocks that are not connected to a clock source.


9. checking loops (0)
---------------------
 There are 0 combinational loops in the design.


10. checking partial_input_delay (0)
------------------------------------
 There are 0 input ports with partial input delay specified.


11. checking partial_output_delay (0)
-------------------------------------
 There are 0 ports with partial output delay specified.


12. checking latch_loops (0)
----------------------------
 There are 0 combinational latch loops in the design through latch input



------------------------------------------------------------------------------------------------
| Design Timing Summary
| ---------------------
------------------------------------------------------------------------------------------------

    WNS(ns)      TNS(ns)  TNS Failing Endpoints  TNS Total Endpoints      WHS(ns)      THS(ns)  THS Failing Endpoints  THS Total Endpoints     WPWS(ns)     TPWS(ns)  TPWS Failing Endpoints  TPWS Total Endpoints  
    -------      -------  ---------------------  -------------------      -------      -------  ---------------------  -------------------     --------     --------  ----------------------  --------------------  
      8.560        0.000                      0                 6118        0.059        0.000                      0                 6118        8.870        0.000                       0                  1862  


All user specified timing constraints are met.


------------------------------------------------------------------------------------------------
| Clock Summary
| -------------
------------------------------------------------------------------------------------------------

Clock    Waveform(ns)       Period(ns)      Frequency(MHz)
-----    ------------       ----------      --------------
clk_50m  {0.000 10.000}     20.000          50.000          


------------------------------------------------------------------------------------------------
| Intra Clock Table
| -----------------
------------------------------------------------------------------------------------------------

Clock             WNS(ns)      TNS(ns)  TNS Failing Endpoints  TNS Total Endpoints      WHS(ns)      THS(ns)  THS Failing Endpoints  THS Total Endpoints     WPWS(ns)     TPWS(ns)  TPWS Failing Endpoints  TPWS Total Endpoints  
-----             -------      -------  ---------------------  -------------------      -------      -------  ---------------------  -------------------     --------     --------  ----------------------  --------------------  
clk_50m             8.560        0.000                      0                 6118        0.059        0.000                      0                 6118        8.870        0.000                       0                  1862  


------------------------------------------------------------------------------------------------
| Inter Clock Table
| -----------------
------------------------------------------------------------------------------------------------

From Clock    To Clock          WNS(ns)      TNS(ns)  TNS Failing Endpoints  TNS Total Endpoints      WHS(ns)      THS(ns)  THS Failing Endpoints  THS Total Endpoints  
----------    --------          -------      -------  ---------------------  -------------------      -------      -------  ---------------------  -------------------  


------------------------------------------------------------------------------------------------
| Other Path Groups Table
| -----------------------
------------------------------------------------------------------------------------------------

Path Group    From Clock    To Clock          WNS(ns)      TNS(ns)  TNS Failing Endpoints  TNS Total Endpoints      WHS(ns)      THS(ns)  THS Failing Endpoints  THS Total Endpoints  
----------    ----------    --------          -------      -------  ---------------------  -------------------      -------      -------  ---------------------  -------------------  


------------------------------------------------------------------------------------------------
| Timing Details
| --------------
------------------------------------------------------------------------------------------------


---------------------------------------------------------------------------------------------------
From Clock:  clk_50m
  To Clock:  clk_50m

Setup :            0  Failing Endpoints,  Worst Slack        8.560ns,  Total Violation        0.000ns
Hold  :            0  Failing Endpoints,  Worst Slack        0.059ns,  Total Violation        0.000ns
PW    :            0  Failing Endpoints,  Worst Slack        8.870ns,  Total Violation        0.000ns
---------------------------------------------------------------------------------------------------


Max Delay Paths
--------------------------------------------------------------------------------------
Slack (MET) :             8.560ns  (required time - arrival time)
  Source:                 u_core/buf_wr_reg[1]/C
                            (rising edge-triggered cell FDRE clocked by clk_50m  {rise@0.000ns fall@10.000ns period=20.000ns})
  Destination:            u_core/q_acc_reg[63]/D
                            (rising edge-triggered cell FDRE clocked by clk_50m  {rise@0.000ns fall@10.000ns period=20.000ns})
  Path Group:             clk_50m
  Path Type:              Setup (Max at Slow Process Corner)
  Requirement:            20.000ns  (clk_50m rise@20.000ns - clk_50m rise@0.000ns)
  Data Path Delay:        11.332ns  (logic 7.561ns (66.722%)  route 3.771ns (33.278%))
  Logic Levels:           25  (CARRY4=19 DSP48E1=1 LUT2=2 LUT6=2 RAMD64E=1)
  Clock Path Skew:        -0.145ns (DCD - SCD + CPR)
    Destination Clock Delay (DCD):    2.554ns = ( 22.554 - 20.000 ) 
    Source Clock Delay      (SCD):    2.806ns
    Clock Pessimism Removal (CPR):    0.106ns
  Clock Uncertainty:      0.035ns  ((TSJ^2 + TIJ^2)^1/2 + DJ) / 2 + PE
    Total System Jitter     (TSJ):    0.071ns
    Total Input Jitter      (TIJ):    0.000ns
    Discrete Jitter          (DJ):    0.000ns
    Phase Error              (PE):    0.000ns

    Location             Delay type                Incr(ns)  Path(ns)    Netlist Resource(s)
  -------------------------------------------------------------------    -------------------
                         (clock clk_50m rise edge)    0.000     0.000 r  <hidden>
    U18                                               0.000     0.000 r  clk_50m
                         net (fo=0)                   0.000     0.000    clk_50m
    U18                  IBUF (Prop_ibuf_I_O)         1.429     1.429 r  clk_50m_IBUF_inst/O
                         net (fo=1, unplaced)         0.646     2.075    clk_50m_IBUF
                         BUFG (Prop_bufg_I_O)         0.085     2.160 r  clk_50m_IBUF_BUFG_inst/O
                         net (fo=1861, unplaced)      0.646     2.806    u_core/clk_50m_IBUF_BUFG
                         FDRE                                         r  u_core/buf_wr_reg[1]/C
  -------------------------------------------------------------------    -------------------
                         FDRE (Prop_fdre_C_Q)         0.397     3.203 r  u_core/buf_wr_reg[1]/Q
                         net (fo=192, unplaced)       0.478     3.681    u_core/buf_wr[1]
                         LUT2 (Prop_lut2_I0_O)        0.232     3.913 r  u_core/q_acc3_carry_i_3/O
                         net (fo=1, unplaced)         0.000     3.913    u_core/q_acc3_carry_i_3_n_0
                         CARRY4 (Prop_carry4_S[1]_O[3])
                                                      0.534     4.447 r  u_core/q_acc3_carry/O[3]
                         net (fo=54, unplaced)        0.603     5.050    u_core/q_acc3[3]
                         LUT6 (Prop_lut6_I0_O)        0.250     5.300 r  u_core/q_idx_b0_carry_i_1/O
                         net (fo=1, unplaced)         0.000     5.300    u_core/q_idx_b0_carry_i_1_n_0
                         CARRY4 (Prop_carry4_S[3]_CO[3])
                                                      0.314     5.614 r  u_core/q_idx_b0_carry/CO[3]
                         net (fo=1, unplaced)         0.008     5.622    u_core/q_idx_b0_carry_n_0
                         CARRY4 (Prop_carry4_CI_O[0])
                                                      0.189     5.811 r  u_core/q_idx_b0_carry__0/O[0]
                         net (fo=52, unplaced)        0.445     6.256    u_core/buf_b_reg_128_191_12_12/DPRA4
                         RAMD64E (Prop_ramd64e_RADR4_O)
                                                      0.238     6.494 r  u_core/buf_b_reg_128_191_12_12/DP/O
                         net (fo=1, unplaced)         0.938     7.432    u_core/buf_b_reg_128_191_12_12_n_0
                         LUT6 (Prop_lut6_I1_O)        0.105     7.537 r  u_core/q_acc1_i_1/O
                         net (fo=6, unplaced)         0.646     8.182    u_core/q_acc1_i_1_n_0
                         DSP48E1 (Prop_dsp48e1_B[17]_P[1])
                                                      3.076    11.258 r  u_core/q_acc1/P[1]
                         net (fo=1, unplaced)         0.646    11.904    u_core/q_acc1_n_104
                         LUT2 (Prop_lut2_I1_O)        0.105    12.009 r  u_core/q_acc0_carry_i_3/O
                         net (fo=1, unplaced)         0.000    12.009    u_core/q_acc0_carry_i_3_n_0
                         CARRY4 (Prop_carry4_S[1]_CO[3])
                                                      0.444    12.453 r  u_core/q_acc0_carry/CO[3]
                         net (fo=1, unplaced)         0.008    12.461    u_core/q_acc0_carry_n_0
                         CARRY4 (Prop_carry4_CI_CO[3])
                                                      0.100    12.561 r  u_core/q_acc0_carry__0/CO[3]
                         net (fo=1, unplaced)         0.000    12.561    u_core/q_acc0_carry__0_n_0
                         CARRY4 (Prop_carry4_CI_CO[3])
                                                      0.100    12.661 r  u_core/q_acc0_carry__1/CO[3]
                         net (fo=1, unplaced)         0.000    12.661    u_core/q_acc0_carry__1_n_0
                         CARRY4 (Prop_carry4_CI_CO[3])
                                                      0.100    12.761 r  u_core/q_acc0_carry__2/CO[3]
                         net (fo=1, unplaced)         0.000    12.761    u_core/q_acc0_carry__2_n_0
                         CARRY4 (Prop_carry4_CI_CO[3])
                                                      0.100    12.861 r  u_core/q_acc0_carry__3/CO[3]
                         net (fo=1, unplaced)         0.000    12.861    u_core/q_acc0_carry__3_n_0
                         CARRY4 (Prop_carry4_CI_CO[3])
                                                      0.100    12.961 r  u_core/q_acc0_carry__4/CO[3]
                         net (fo=1, unplaced)         0.000    12.961    u_core/q_acc0_carry__4_n_0
                         CARRY4 (Prop_carry4_CI_CO[3])
                                                      0.100    13.061 r  u_core/q_acc0_carry__5/CO[3]
                         net (fo=1, unplaced)         0.000    13.061    u_core/q_acc0_carry__5_n_0
                         CARRY4 (Prop_carry4_CI_CO[3])
                                                      0.100    13.161 r  u_core/q_acc0_carry__6/CO[3]
                         net (fo=1, unplaced)         0.000    13.161    u_core/q_acc0_carry__6_n_0
                         CARRY4 (Prop_carry4_CI_CO[3])
                                                      0.100    13.261 r  u_core/q_acc0_carry__7/CO[3]
                         net (fo=1, unplaced)         0.000    13.261    u_core/q_acc0_carry__7_n_0
                         CARRY4 (Prop_carry4_CI_CO[3])
                                                      0.100    13.361 r  u_core/q_acc0_carry__8/CO[3]
                         net (fo=1, unplaced)         0.000    13.361    u_core/q_acc0_carry__8_n_0
                         CARRY4 (Prop_carry4_CI_CO[3])
                                                      0.100    13.461 r  u_core/q_acc0_carry__9/CO[3]
                         net (fo=1, unplaced)         0.000    13.461    u_core/q_acc0_carry__9_n_0
                         CARRY4 (Prop_carry4_CI_CO[3])
                                                      0.100    13.561 r  u_core/q_acc0_carry__10/CO[3]
                         net (fo=1, unplaced)         0.000    13.561    u_core/q_acc0_carry__10_n_0
                         CARRY4 (Prop_carry4_CI_CO[3])
                                                      0.100    13.661 r  u_core/q_acc0_carry__11/CO[3]
                         net (fo=1, unplaced)         0.000    13.661    u_core/q_acc0_carry__11_n_0
                         CARRY4 (Prop_carry4_CI_CO[3])
                                                      0.100    13.761 r  u_core/q_acc0_carry__12/CO[3]
                         net (fo=1, unplaced)         0.000    13.761    u_core/q_acc0_carry__12_n_0
                         CARRY4 (Prop_carry4_CI_CO[3])
                                                      0.100    13.861 r  u_core/q_acc0_carry__13/CO[3]
                         net (fo=1, unplaced)         0.000    13.861    u_core/q_acc0_carry__13_n_0
                         CARRY4 (Prop_carry4_CI_O[3])
                                                      0.277    14.138 r  u_core/q_acc0_carry__14/O[3]
                         net (fo=1, unplaced)         0.000    14.138    u_core/in4[63]
                         FDRE                                         r  u_core/q_acc_reg[63]/D
  -------------------------------------------------------------------    -------------------

                         (clock clk_50m rise edge)   20.000    20.000 r  <hidden>
    U18                                               0.000    20.000 r  clk_50m
                         net (fo=0)                   0.000    20.000    clk_50m
    U18                  IBUF (Prop_ibuf_I_O)         1.363    21.363 r  clk_50m_IBUF_inst/O
                         net (fo=1, unplaced)         0.613    21.977    clk_50m_IBUF
                         BUFG (Prop_bufg_I_O)         0.077    22.054 r  clk_50m_IBUF_BUFG_inst/O
                         net (fo=1861, unplaced)      0.501    22.554    u_core/clk_50m_IBUF_BUFG
                         FDRE                                         r  u_core/q_acc_reg[63]/C
                         clock pessimism              0.106    22.661    <hidden>
                         clock uncertainty           -0.035    22.625    <hidden>
                         FDRE (Setup_fdre_C_D)        0.072    22.697    u_core/q_acc_reg[63]
  -------------------------------------------------------------------
                         required time                         22.697    <hidden>
                         arrival time                         -14.138    <hidden>
  -------------------------------------------------------------------
                         slack                                  8.560    <hidden>





Min Delay Paths
--------------------------------------------------------------------------------------
Slack (MET) :             0.059ns  (arrival time - required time)
  Source:                 u_core/acc_sa_reg[10]/C
                            (rising edge-triggered cell FDRE clocked by clk_50m  {rise@0.000ns fall@10.000ns period=20.000ns})
  Destination:            u_core/acc_sa_reg[11]/D
                            (rising edge-triggered cell FDRE clocked by clk_50m  {rise@0.000ns fall@10.000ns period=20.000ns})
  Path Group:             clk_50m
  Path Type:              Hold (Min at Fast Process Corner)
  Requirement:            0.000ns  (clk_50m rise@0.000ns - clk_50m rise@0.000ns)
  Data Path Delay:        0.317ns  (logic 0.239ns (75.310%)  route 0.078ns (24.690%))
  Logic Levels:           1  (CARRY4=1)
  Clock Path Skew:        0.145ns (DCD - SCD - CPR)
    Destination Clock Delay (DCD):    1.157ns
    Source Clock Delay      (SCD):    0.804ns
    Clock Pessimism Removal (CPR):    0.208ns

    Location             Delay type                Incr(ns)  Path(ns)    Netlist Resource(s)
  -------------------------------------------------------------------    -------------------
                         (clock clk_50m rise edge)    0.000     0.000 r  <hidden>
    U18                                               0.000     0.000 r  clk_50m
                         net (fo=0)                   0.000     0.000    clk_50m
    U18                  IBUF (Prop_ibuf_I_O)         0.266     0.266 r  clk_50m_IBUF_inst/O
                         net (fo=1, unplaced)         0.320     0.586    clk_50m_IBUF
                         BUFG (Prop_bufg_I_O)         0.026     0.612 r  clk_50m_IBUF_BUFG_inst/O
                         net (fo=1861, unplaced)      0.192     0.804    u_core/clk_50m_IBUF_BUFG
                         FDRE                                         r  u_core/acc_sa_reg[10]/C
  -------------------------------------------------------------------    -------------------
                         FDRE (Prop_fdre_C_Q)         0.147     0.951 r  u_core/acc_sa_reg[10]/Q
                         net (fo=2, unplaced)         0.078     1.030    u_core/acc_sa[10]
                         CARRY4 (Prop_carry4_DI[2]_O[3])
                                                      0.092     1.122 r  u_core/acc_sa0_carry__1/O[3]
                         net (fo=2, unplaced)         0.000     1.122    u_core/p_1_in[11]
                         FDRE                                         r  u_core/acc_sa_reg[11]/D
  -------------------------------------------------------------------    -------------------

                         (clock clk_50m rise edge)    0.000     0.000 r  <hidden>
    U18                                               0.000     0.000 r  clk_50m
                         net (fo=0)                   0.000     0.000    clk_50m
    U18                  IBUF (Prop_ibuf_I_O)         0.454     0.454 r  clk_50m_IBUF_inst/O
                         net (fo=1, unplaced)         0.337     0.791    clk_50m_IBUF
                         BUFG (Prop_bufg_I_O)         0.029     0.820 r  clk_50m_IBUF_BUFG_inst/O
                         net (fo=1861, unplaced)      0.337     1.157    u_core/clk_50m_IBUF_BUFG
                         FDRE                                         r  u_core/acc_sa_reg[11]/C
                         clock pessimism             -0.208     0.949    <hidden>
                         FDRE (Hold_fdre_C_D)         0.113     1.062    u_core/acc_sa_reg[11]
  -------------------------------------------------------------------
                         required time                         -1.062    <hidden>
                         arrival time                           1.122    <hidden>
  -------------------------------------------------------------------
                         slack                                  0.059    <hidden>





Pulse Width Checks
--------------------------------------------------------------------------------------
Clock Name:         clk_50m
Waveform(ns):       { 0.000 10.000 }
Period(ns):         20.000
Sources:            { clk_50m }

Check Type        Corner  Lib Pin      Reference Pin  Required(ns)  Actual(ns)  Slack(ns)  Location   Pin
Min Period        n/a     XADC/DCLK    n/a            4.000         20.000      16.000     XADC_X0Y0  u_xadc/u_xadc/DCLK
Low Pulse Width   Slow    RAMD64E/CLK  n/a            1.130         10.000      8.870                 u_core/buf_a_reg_0_63_0_2/RAMA/CLK
High Pulse Width  Slow    RAMD64E/CLK  n/a            1.130         10.000      8.870                 u_core/buf_a_reg_0_63_0_2/RAMA/CLK



