Copyright 1986-2022 Xilinx, Inc. All Rights Reserved. Copyright 2022-2026 Advanced Micro Devices, Inc. All Rights Reserved.
---------------------------------------------------------------------------------------------------------------------------------------------
| Tool Version : Vivado v.2026.1 (win64) Build 6511674 Tue Jun 16 11:02:23 MDT 2026
| Date         : Thu Oct  1 06:55:20 2026
| Host         : boobieJuicer9000 running 64-bit major release  (build 9200)
| Command      : report_timing_summary -file P:/Downloads/freq-lab/fpga/vlf_sid/build/timing_impl.rpt
| Design       : vlf_top
| Device       : 7z020-clg400
| Speed File   : -2  PRODUCTION 1.12 2019-11-22
| Design State : Routed
---------------------------------------------------------------------------------------------------------------------------------------------

Timing Summary Report

------------------------------------------------------------------------------------------------
| Timer Settings
| --------------
------------------------------------------------------------------------------------------------

  Enable Multi Corner Analysis               :  Yes
  Enable Pessimism Removal                   :  Yes
  Pessimism Removal Resolution               :  Nearest Common Node
  Enable Input Delay Default Clock           :  No
  Enable Preset / Clear Arcs                 :  No
  Disable Flight Delays                      :  No
  Ignore I/O Paths                           :  No
  Timing Early Launch at Borrowing Latches   :  No
  Borrow Time for Max Delay Exceptions       :  Yes
  Merge Timing Exceptions                    :  Yes
  Inter-SLR Compensation                     :  Conservative

  Corner  Analyze    Analyze    
  Name    Max Paths  Min Paths  
  ------  ---------  ---------  
  Slow    Yes        Yes        
  Fast    Yes        Yes        


------------------------------------------------------------------------------------------------
| Report Methodology
| ------------------
------------------------------------------------------------------------------------------------

No report available as report_methodology has not been run prior. Run report_methodology on the current design for the summary of methodology violations.



check_timing report

Table of Contents
-----------------
1. checking no_clock (0)
2. checking constant_clock (0)
3. checking pulse_width_clock (0)
4. checking unconstrained_internal_endpoints (0)
5. checking no_input_delay (4)
6. checking no_output_delay (4)
7. checking multiple_clock (0)
8. checking generated_clocks (0)
9. checking loops (0)
10. checking partial_input_delay (0)
11. checking partial_output_delay (0)
12. checking latch_loops (0)

1. checking no_clock (0)
------------------------
 There are 0 register/latch pins with no clock.


2. checking constant_clock (0)
------------------------------
 There are 0 register/latch pins with constant_clock.


3. checking pulse_width_clock (0)
---------------------------------
 There are 0 register/latch pins which need pulse_width check


4. checking unconstrained_internal_endpoints (0)
------------------------------------------------
 There are 0 pins that are not constrained for maximum delay.

 There are 0 pins that are not constrained for maximum delay due to constant clock.


5. checking no_input_delay (4)
------------------------------
 There are 0 input ports with no input delay specified.

 There are 4 input ports with no input delay but user has a false path constraint. (MEDIUM)


6. checking no_output_delay (4)
-------------------------------
 There are 0 ports with no output delay specified.

 There are 4 ports with no output delay but user has a false path constraint (MEDIUM)

 There are 0 ports with no output delay but with a timing clock defined on it or propagating through it


7. checking multiple_clock (0)
------------------------------
 There are 0 register/latch pins with multiple clocks.


8. checking generated_clocks (0)
--------------------------------
 There are 0 generated clocks that are not connected to a clock source.


9. checking loops (0)
---------------------
 There are 0 combinational loops in the design.


10. checking partial_input_delay (0)
------------------------------------
 There are 0 input ports with partial input delay specified.


11. checking partial_output_delay (0)
-------------------------------------
 There are 0 ports with partial output delay specified.


12. checking latch_loops (0)
----------------------------
 There are 0 combinational latch loops in the design through latch input



------------------------------------------------------------------------------------------------
| Design Timing Summary
| ---------------------
------------------------------------------------------------------------------------------------

    WNS(ns)      TNS(ns)  TNS Failing Endpoints  TNS Total Endpoints      WHS(ns)      THS(ns)  THS Failing Endpoints  THS Total Endpoints     WPWS(ns)     TPWS(ns)  TPWS Failing Endpoints  TPWS Total Endpoints  
    -------      -------  ---------------------  -------------------      -------      -------  ---------------------  -------------------     --------     --------  ----------------------  --------------------  
      6.317        0.000                      0                44858        0.036        0.000                      0                44858        9.146        0.000                       0                 14089  


All user specified timing constraints are met.


------------------------------------------------------------------------------------------------
| Clock Summary
| -------------
------------------------------------------------------------------------------------------------

Clock    Waveform(ns)       Period(ns)      Frequency(MHz)
-----    ------------       ----------      --------------
clk_50m  {0.000 10.000}     20.000          50.000          


------------------------------------------------------------------------------------------------
| Intra Clock Table
| -----------------
------------------------------------------------------------------------------------------------

Clock             WNS(ns)      TNS(ns)  TNS Failing Endpoints  TNS Total Endpoints      WHS(ns)      THS(ns)  THS Failing Endpoints  THS Total Endpoints     WPWS(ns)     TPWS(ns)  TPWS Failing Endpoints  TPWS Total Endpoints  
-----             -------      -------  ---------------------  -------------------      -------      -------  ---------------------  -------------------     --------     --------  ----------------------  --------------------  
clk_50m             6.317        0.000                      0                44858        0.036        0.000                      0                44858        9.146        0.000                       0                 14089  


------------------------------------------------------------------------------------------------
| Inter Clock Table
| -----------------
------------------------------------------------------------------------------------------------

From Clock    To Clock          WNS(ns)      TNS(ns)  TNS Failing Endpoints  TNS Total Endpoints      WHS(ns)      THS(ns)  THS Failing Endpoints  THS Total Endpoints  
----------    --------          -------      -------  ---------------------  -------------------      -------      -------  ---------------------  -------------------  


------------------------------------------------------------------------------------------------
| Other Path Groups Table
| -----------------------
------------------------------------------------------------------------------------------------

Path Group    From Clock    To Clock          WNS(ns)      TNS(ns)  TNS Failing Endpoints  TNS Total Endpoints      WHS(ns)      THS(ns)  THS Failing Endpoints  THS Total Endpoints  
----------    ----------    --------          -------      -------  ---------------------  -------------------      -------      -------  ---------------------  -------------------  


------------------------------------------------------------------------------------------------
| Timing Details
| --------------
------------------------------------------------------------------------------------------------


---------------------------------------------------------------------------------------------------
From Clock:  clk_50m
  To Clock:  clk_50m

Setup :            0  Failing Endpoints,  Worst Slack        6.317ns,  Total Violation        0.000ns
Hold  :            0  Failing Endpoints,  Worst Slack        0.036ns,  Total Violation        0.000ns
PW    :            0  Failing Endpoints,  Worst Slack        9.146ns,  Total Violation        0.000ns
---------------------------------------------------------------------------------------------------


Max Delay Paths
--------------------------------------------------------------------------------------
Slack (MET) :             6.317ns  (required time - arrival time)
  Source:                 rst_cnt_reg[16]/C
                            (rising edge-triggered cell FDRE clocked by clk_50m  {rise@0.000ns fall@10.000ns period=20.000ns})
  Destination:            g_ch[1].u_ch/ii1_reg[36]/R
                            (rising edge-triggered cell FDRE clocked by clk_50m  {rise@0.000ns fall@10.000ns period=20.000ns})
  Path Group:             clk_50m
  Path Type:              Setup (Max at Slow Process Corner)
  Requirement:            20.000ns  (clk_50m rise@20.000ns - clk_50m rise@0.000ns)
  Data Path Delay:        13.250ns  (logic 0.484ns (3.653%)  route 12.766ns (96.347%))
  Logic Levels:           1  (LUT1=1)
  Clock Path Skew:        0.025ns (DCD - SCD + CPR)
    Destination Clock Delay (DCD):    4.536ns = ( 24.536 - 20.000 ) 
    Source Clock Delay      (SCD):    4.853ns
    Clock Pessimism Removal (CPR):    0.342ns
  Clock Uncertainty:      0.035ns  ((TSJ^2 + TIJ^2)^1/2 + DJ) / 2 + PE
    Total System Jitter     (TSJ):    0.071ns
    Total Input Jitter      (TIJ):    0.000ns
    Discrete Jitter          (DJ):    0.000ns
    Phase Error              (PE):    0.000ns

    Location             Delay type                Incr(ns)  Path(ns)    Netlist Resource(s)
  -------------------------------------------------------------------    -------------------
                         (clock clk_50m rise edge)    0.000     0.000 r  <hidden>
    U18                                               0.000     0.000 r  clk_50m
                         net (fo=0)                   0.000     0.000    clk_50m
    U18                  IBUF (Prop_ibuf_I_O)         1.429     1.429 r  clk_50m_IBUF_inst/O
                         net (fo=1, routed)           1.873     3.302    clk_50m_IBUF
    BUFGCTRL_X0Y16       BUFG (Prop_bufg_I_O)         0.085     3.387 r  clk_50m_IBUF_BUFG_inst/O
                         net (fo=14105, routed)       1.466     4.853    clk_50m_IBUF_BUFG
    SLICE_X31Y33         FDRE                                         r  rst_cnt_reg[16]/C
  -------------------------------------------------------------------    -------------------
    SLICE_X31Y33         FDRE (Prop_fdre_C_Q)         0.379     5.232 f  rst_cnt_reg[16]/Q
                         net (fo=59, routed)          4.567     9.799    u_regs/u_rx/out[0]
    SLICE_X106Y46        LUT1 (Prop_lut1_I0_O)        0.105     9.904 r  u_regs/u_rx/b_valid_i_1/O
                         net (fo=12806, routed)       8.199    18.103    g_ch[1].u_ch/RSTP
    SLICE_X4Y44          FDRE                                         r  g_ch[1].u_ch/ii1_reg[36]/R
  -------------------------------------------------------------------    -------------------

                         (clock clk_50m rise edge)   20.000    20.000 r  <hidden>
    U18                                               0.000    20.000 r  clk_50m
                         net (fo=0)                   0.000    20.000    clk_50m
    U18                  IBUF (Prop_ibuf_I_O)         1.363    21.363 r  clk_50m_IBUF_inst/O
                         net (fo=1, routed)           1.701    23.064    clk_50m_IBUF
    BUFGCTRL_X0Y16       BUFG (Prop_bufg_I_O)         0.077    23.141 r  clk_50m_IBUF_BUFG_inst/O
                         net (fo=14105, routed)       1.395    24.536    g_ch[1].u_ch/clk_50m_IBUF_BUFG
    SLICE_X4Y44          FDRE                                         r  g_ch[1].u_ch/ii1_reg[36]/C
                         clock pessimism              0.342    24.878    <hidden>
                         clock uncertainty           -0.035    24.843    <hidden>
    SLICE_X4Y44          FDRE (Setup_fdre_C_R)       -0.423    24.420    g_ch[1].u_ch/ii1_reg[36]
  -------------------------------------------------------------------
                         required time                         24.420    <hidden>
                         arrival time                         -18.103    <hidden>
  -------------------------------------------------------------------
                         slack                                  6.317    <hidden>





Min Delay Paths
--------------------------------------------------------------------------------------
Slack (MET) :             0.036ns  (arrival time - required time)
  Source:                 g_ch[0].u_ch/win_pmax_reg[45]/C
                            (rising edge-triggered cell FDRE clocked by clk_50m  {rise@0.000ns fall@10.000ns period=20.000ns})
  Destination:            u_regs/sh_pmax_reg[45]/D
                            (rising edge-triggered cell FDRE clocked by clk_50m  {rise@0.000ns fall@10.000ns period=20.000ns})
  Path Group:             clk_50m
  Path Type:              Hold (Min at Fast Process Corner)
  Requirement:            0.000ns  (clk_50m rise@0.000ns - clk_50m rise@0.000ns)
  Data Path Delay:        0.369ns  (logic 0.141ns (38.179%)  route 0.228ns (61.821%))
  Logic Levels:           0  
  Clock Path Skew:        0.257ns (DCD - SCD - CPR)
    Destination Clock Delay (DCD):    2.027ns
    Source Clock Delay      (SCD):    1.517ns
    Clock Pessimism Removal (CPR):    0.253ns

    Location             Delay type                Incr(ns)  Path(ns)    Netlist Resource(s)
  -------------------------------------------------------------------    -------------------
                         (clock clk_50m rise edge)    0.000     0.000 r  <hidden>
    U18                                               0.000     0.000 r  clk_50m
                         net (fo=0)                   0.000     0.000    clk_50m
    U18                  IBUF (Prop_ibuf_I_O)         0.266     0.266 r  clk_50m_IBUF_inst/O
                         net (fo=1, routed)           0.674     0.940    clk_50m_IBUF
    BUFGCTRL_X0Y16       BUFG (Prop_bufg_I_O)         0.026     0.966 r  clk_50m_IBUF_BUFG_inst/O
                         net (fo=14105, routed)       0.551     1.517    g_ch[0].u_ch/clk_50m_IBUF_BUFG
    SLICE_X44Y66         FDRE                                         r  g_ch[0].u_ch/win_pmax_reg[45]/C
  -------------------------------------------------------------------    -------------------
    SLICE_X44Y66         FDRE (Prop_fdre_C_Q)         0.141     1.658 r  g_ch[0].u_ch/win_pmax_reg[45]/Q
                         net (fo=1, routed)           0.228     1.886    u_regs/w_pmax_bus[29]
    SLICE_X52Y66         FDRE                                         r  u_regs/sh_pmax_reg[45]/D
  -------------------------------------------------------------------    -------------------

                         (clock clk_50m rise edge)    0.000     0.000 r  <hidden>
    U18                                               0.000     0.000 r  clk_50m
                         net (fo=0)                   0.000     0.000    clk_50m
    U18                  IBUF (Prop_ibuf_I_O)         0.454     0.454 r  clk_50m_IBUF_inst/O
                         net (fo=1, routed)           0.731     1.185    clk_50m_IBUF
    BUFGCTRL_X0Y16       BUFG (Prop_bufg_I_O)         0.029     1.214 r  clk_50m_IBUF_BUFG_inst/O
                         net (fo=14105, routed)       0.813     2.027    u_regs/clk_50m_IBUF_BUFG
    SLICE_X52Y66         FDRE                                         r  u_regs/sh_pmax_reg[45]/C
                         clock pessimism             -0.253     1.774    <hidden>
    SLICE_X52Y66         FDRE (Hold_fdre_C_D)         0.076     1.850    u_regs/sh_pmax_reg[45]
  -------------------------------------------------------------------
                         required time                         -1.850    <hidden>
                         arrival time                           1.886    <hidden>
  -------------------------------------------------------------------
                         slack                                  0.036    <hidden>





Pulse Width Checks
--------------------------------------------------------------------------------------
Clock Name:         clk_50m
Waveform(ns):       { 0.000 10.000 }
Period(ns):         20.000
Sources:            { clk_50m }

Check Type        Corner  Lib Pin     Reference Pin  Required(ns)  Actual(ns)  Slack(ns)  Location      Pin
Min Period        n/a     XADC/DCLK   n/a            4.000         20.000      16.000     XADC_X0Y0     u_xadc/u_xadc/DCLK
Low Pulse Width   Slow    SRL16E/CLK  n/a            0.854         10.000      9.146      SLICE_X32Y57  g_ch[0].u_ch/i_run_reg_srl4___g_ch_r_2/CLK
High Pulse Width  Slow    SRL16E/CLK  n/a            0.854         10.000      9.146      SLICE_X32Y57  g_ch[0].u_ch/i_run_reg_srl4___g_ch_r_2/CLK



