Copyright 1986-2022 Xilinx, Inc. All Rights Reserved. Copyright 2022-2026 Advanced Micro Devices, Inc. All Rights Reserved.
---------------------------------------------------------------------------------------------------------------------------------------------
| Tool Version : Vivado v.2026.1 (win64) Build 6511674 Tue Jun 16 11:02:23 MDT 2026
| Date         : Thu Oct  1 06:51:38 2026
| Host         : boobieJuicer9000 running 64-bit major release  (build 9200)
| Command      : report_timing_summary -file P:/Downloads/freq-lab/fpga/vlf_sid/build/timing_synth.rpt
| Design       : vlf_top
| Device       : 7z020-clg400
| Speed File   : -2  PRODUCTION 1.12 2019-11-22
| Design State : Synthesized
---------------------------------------------------------------------------------------------------------------------------------------------

Timing Summary Report

------------------------------------------------------------------------------------------------
| Timer Settings
| --------------
------------------------------------------------------------------------------------------------

  Enable Multi Corner Analysis               :  Yes
  Enable Pessimism Removal                   :  Yes
  Pessimism Removal Resolution               :  Nearest Common Node
  Enable Input Delay Default Clock           :  No
  Enable Preset / Clear Arcs                 :  No
  Disable Flight Delays                      :  No
  Ignore I/O Paths                           :  No
  Timing Early Launch at Borrowing Latches   :  No
  Borrow Time for Max Delay Exceptions       :  Yes
  Merge Timing Exceptions                    :  Yes
  Inter-SLR Compensation                     :  Conservative

  Corner  Analyze    Analyze    
  Name    Max Paths  Min Paths  
  ------  ---------  ---------  
  Slow    Yes        Yes        
  Fast    Yes        Yes        


------------------------------------------------------------------------------------------------
| Report Methodology
| ------------------
------------------------------------------------------------------------------------------------

No report available as report_methodology has not been run prior. Run report_methodology on the current design for the summary of methodology violations.



check_timing report

Table of Contents
-----------------
1. checking no_clock (0)
2. checking constant_clock (0)
3. checking pulse_width_clock (0)
4. checking unconstrained_internal_endpoints (0)
5. checking no_input_delay (4)
6. checking no_output_delay (4)
7. checking multiple_clock (0)
8. checking generated_clocks (0)
9. checking loops (0)
10. checking partial_input_delay (0)
11. checking partial_output_delay (0)
12. checking latch_loops (0)

1. checking no_clock (0)
------------------------
 There are 0 register/latch pins with no clock.


2. checking constant_clock (0)
------------------------------
 There are 0 register/latch pins with constant_clock.


3. checking pulse_width_clock (0)
---------------------------------
 There are 0 register/latch pins which need pulse_width check


4. checking unconstrained_internal_endpoints (0)
------------------------------------------------
 There are 0 pins that are not constrained for maximum delay.

 There are 0 pins that are not constrained for maximum delay due to constant clock.


5. checking no_input_delay (4)
------------------------------
 There are 0 input ports with no input delay specified.

 There are 4 input ports with no input delay but user has a false path constraint. (MEDIUM)


6. checking no_output_delay (4)
-------------------------------
 There are 0 ports with no output delay specified.

 There are 4 ports with no output delay but user has a false path constraint (MEDIUM)

 There are 0 ports with no output delay but with a timing clock defined on it or propagating through it


7. checking multiple_clock (0)
------------------------------
 There are 0 register/latch pins with multiple clocks.


8. checking generated_clocks (0)
--------------------------------
 There are 0 generated clocks that are not connected to a clock source.


9. checking loops (0)
---------------------
 There are 0 combinational loops in the design.


10. checking partial_input_delay (0)
------------------------------------
 There are 0 input ports with partial input delay specified.


11. checking partial_output_delay (0)
-------------------------------------
 There are 0 ports with partial output delay specified.


12. checking latch_loops (0)
----------------------------
 There are 0 combinational latch loops in the design through latch input



------------------------------------------------------------------------------------------------
| Design Timing Summary
| ---------------------
------------------------------------------------------------------------------------------------

    WNS(ns)      TNS(ns)  TNS Failing Endpoints  TNS Total Endpoints      WHS(ns)      THS(ns)  THS Failing Endpoints  THS Total Endpoints     WPWS(ns)     TPWS(ns)  TPWS Failing Endpoints  TPWS Total Endpoints  
    -------      -------  ---------------------  -------------------      -------      -------  ---------------------  -------------------     --------     --------  ----------------------  --------------------  
     13.637        0.000                      0                44858        0.063        0.000                      0                44858        9.146        0.000                       0                 14089  


All user specified timing constraints are met.


------------------------------------------------------------------------------------------------
| Clock Summary
| -------------
------------------------------------------------------------------------------------------------

Clock    Waveform(ns)       Period(ns)      Frequency(MHz)
-----    ------------       ----------      --------------
clk_50m  {0.000 10.000}     20.000          50.000          


------------------------------------------------------------------------------------------------
| Intra Clock Table
| -----------------
------------------------------------------------------------------------------------------------

Clock             WNS(ns)      TNS(ns)  TNS Failing Endpoints  TNS Total Endpoints      WHS(ns)      THS(ns)  THS Failing Endpoints  THS Total Endpoints     WPWS(ns)     TPWS(ns)  TPWS Failing Endpoints  TPWS Total Endpoints  
-----             -------      -------  ---------------------  -------------------      -------      -------  ---------------------  -------------------     --------     --------  ----------------------  --------------------  
clk_50m            13.637        0.000                      0                44858        0.063        0.000                      0                44858        9.146        0.000                       0                 14089  


------------------------------------------------------------------------------------------------
| Inter Clock Table
| -----------------
------------------------------------------------------------------------------------------------

From Clock    To Clock          WNS(ns)      TNS(ns)  TNS Failing Endpoints  TNS Total Endpoints      WHS(ns)      THS(ns)  THS Failing Endpoints  THS Total Endpoints  
----------    --------          -------      -------  ---------------------  -------------------      -------      -------  ---------------------  -------------------  


------------------------------------------------------------------------------------------------
| Other Path Groups Table
| -----------------------
------------------------------------------------------------------------------------------------

Path Group    From Clock    To Clock          WNS(ns)      TNS(ns)  TNS Failing Endpoints  TNS Total Endpoints      WHS(ns)      THS(ns)  THS Failing Endpoints  THS Total Endpoints  
----------    ----------    --------          -------      -------  ---------------------  -------------------      -------      -------  ---------------------  -------------------  


------------------------------------------------------------------------------------------------
| Timing Details
| --------------
------------------------------------------------------------------------------------------------


---------------------------------------------------------------------------------------------------
From Clock:  clk_50m
  To Clock:  clk_50m

Setup :            0  Failing Endpoints,  Worst Slack       13.637ns,  Total Violation        0.000ns
Hold  :            0  Failing Endpoints,  Worst Slack        0.063ns,  Total Violation        0.000ns
PW    :            0  Failing Endpoints,  Worst Slack        9.146ns,  Total Violation        0.000ns
---------------------------------------------------------------------------------------------------


Max Delay Paths
--------------------------------------------------------------------------------------
Slack (MET) :             13.637ns  (required time - arrival time)
  Source:                 a_sq/CLK
                            (rising edge-triggered cell DSP48E1 clocked by clk_50m  {rise@0.000ns fall@10.000ns period=20.000ns})
  Destination:            s_sq_reg[63]/D
                            (rising edge-triggered cell FDRE clocked by clk_50m  {rise@0.000ns fall@10.000ns period=20.000ns})
  Path Group:             clk_50m
  Path Type:              Setup (Max at Slow Process Corner)
  Requirement:            20.000ns  (clk_50m rise@20.000ns - clk_50m rise@0.000ns)
  Data Path Delay:        6.255ns  (logic 5.601ns (89.551%)  route 0.654ns (10.450%))
  Logic Levels:           17  (CARRY4=16 LUT3=1)
  Clock Path Skew:        -0.145ns (DCD - SCD + CPR)
    Destination Clock Delay (DCD):    2.554ns = ( 22.554 - 20.000 ) 
    Source Clock Delay      (SCD):    2.806ns
    Clock Pessimism Removal (CPR):    0.106ns
  Clock Uncertainty:      0.035ns  ((TSJ^2 + TIJ^2)^1/2 + DJ) / 2 + PE
    Total System Jitter     (TSJ):    0.071ns
    Total Input Jitter      (TIJ):    0.000ns
    Discrete Jitter          (DJ):    0.000ns
    Phase Error              (PE):    0.000ns

    Location             Delay type                Incr(ns)  Path(ns)    Netlist Resource(s)
  -------------------------------------------------------------------    -------------------
                         (clock clk_50m rise edge)    0.000     0.000 r  <hidden>
    U18                                               0.000     0.000 r  clk_50m
                         net (fo=0)                   0.000     0.000    clk_50m
    U18                  IBUF (Prop_ibuf_I_O)         1.429     1.429 r  clk_50m_IBUF_inst/O
                         net (fo=1, unplaced)         0.646     2.075    clk_50m_IBUF
                         BUFG (Prop_bufg_I_O)         0.085     2.160 r  clk_50m_IBUF_BUFG_inst/O
                         net (fo=14105, unplaced)     0.646     2.806    clk_50m_IBUF_BUFG
                         DSP48E1                                      r  a_sq/CLK
  -------------------------------------------------------------------    -------------------
                         DSP48E1 (Prop_dsp48e1_CLK_P[1])
                                                      3.375     6.181 r  a_sq/P[1]
                         net (fo=2, unplaced)         0.646     6.826    a_sq_n_104
                         LUT3 (Prop_lut3_I2_O)        0.105     6.931 r  s_sq[3]_i_4/O
                         net (fo=1, unplaced)         0.000     6.931    s_sq[3]_i_4_n_0
                         CARRY4 (Prop_carry4_S[1]_CO[3])
                                                      0.444     7.375 r  s_sq_reg[3]_i_1/CO[3]
                         net (fo=1, unplaced)         0.008     7.383    s_sq_reg[3]_i_1_n_0
                         CARRY4 (Prop_carry4_CI_CO[3])
                                                      0.100     7.483 r  s_sq_reg[7]_i_1/CO[3]
                         net (fo=1, unplaced)         0.000     7.483    s_sq_reg[7]_i_1_n_0
                         CARRY4 (Prop_carry4_CI_CO[3])
                                                      0.100     7.583 r  s_sq_reg[11]_i_1/CO[3]
                         net (fo=1, unplaced)         0.000     7.583    s_sq_reg[11]_i_1_n_0
                         CARRY4 (Prop_carry4_CI_CO[3])
                                                      0.100     7.683 r  s_sq_reg[15]_i_1/CO[3]
                         net (fo=1, unplaced)         0.000     7.683    s_sq_reg[15]_i_1_n_0
                         CARRY4 (Prop_carry4_CI_CO[3])
                                                      0.100     7.783 r  s_sq_reg[19]_i_1/CO[3]
                         net (fo=1, unplaced)         0.000     7.783    s_sq_reg[19]_i_1_n_0
                         CARRY4 (Prop_carry4_CI_CO[3])
                                                      0.100     7.883 r  s_sq_reg[23]_i_1/CO[3]
                         net (fo=1, unplaced)         0.000     7.883    s_sq_reg[23]_i_1_n_0
                         CARRY4 (Prop_carry4_CI_CO[3])
                                                      0.100     7.983 r  s_sq_reg[27]_i_1/CO[3]
                         net (fo=1, unplaced)         0.000     7.983    s_sq_reg[27]_i_1_n_0
                         CARRY4 (Prop_carry4_CI_CO[3])
                                                      0.100     8.083 r  s_sq_reg[31]_i_1/CO[3]
                         net (fo=1, unplaced)         0.000     8.083    s_sq_reg[31]_i_1_n_0
                         CARRY4 (Prop_carry4_CI_CO[3])
                                                      0.100     8.183 r  s_sq_reg[35]_i_1/CO[3]
                         net (fo=1, unplaced)         0.000     8.183    s_sq_reg[35]_i_1_n_0
                         CARRY4 (Prop_carry4_CI_CO[3])
                                                      0.100     8.283 r  s_sq_reg[39]_i_1/CO[3]
                         net (fo=1, unplaced)         0.000     8.283    s_sq_reg[39]_i_1_n_0
                         CARRY4 (Prop_carry4_CI_CO[3])
                                                      0.100     8.383 r  s_sq_reg[43]_i_1/CO[3]
                         net (fo=1, unplaced)         0.000     8.383    s_sq_reg[43]_i_1_n_0
                         CARRY4 (Prop_carry4_CI_CO[3])
                                                      0.100     8.483 r  s_sq_reg[47]_i_1/CO[3]
                         net (fo=1, unplaced)         0.000     8.483    s_sq_reg[47]_i_1_n_0
                         CARRY4 (Prop_carry4_CI_CO[3])
                                                      0.100     8.583 r  s_sq_reg[51]_i_1/CO[3]
                         net (fo=1, unplaced)         0.000     8.583    s_sq_reg[51]_i_1_n_0
                         CARRY4 (Prop_carry4_CI_CO[3])
                                                      0.100     8.683 r  s_sq_reg[55]_i_1/CO[3]
                         net (fo=1, unplaced)         0.000     8.683    s_sq_reg[55]_i_1_n_0
                         CARRY4 (Prop_carry4_CI_CO[3])
                                                      0.100     8.783 r  s_sq_reg[59]_i_1/CO[3]
                         net (fo=1, unplaced)         0.000     8.783    s_sq_reg[59]_i_1_n_0
                         CARRY4 (Prop_carry4_CI_O[3])
                                                      0.277     9.060 r  s_sq_reg[63]_i_1/O[3]
                         net (fo=1, unplaced)         0.000     9.060    s_sq0_in[63]
                         FDRE                                         r  s_sq_reg[63]/D
  -------------------------------------------------------------------    -------------------

                         (clock clk_50m rise edge)   20.000    20.000 r  <hidden>
    U18                                               0.000    20.000 r  clk_50m
                         net (fo=0)                   0.000    20.000    clk_50m
    U18                  IBUF (Prop_ibuf_I_O)         1.363    21.363 r  clk_50m_IBUF_inst/O
                         net (fo=1, unplaced)         0.613    21.977    clk_50m_IBUF
                         BUFG (Prop_bufg_I_O)         0.077    22.054 r  clk_50m_IBUF_BUFG_inst/O
                         net (fo=14105, unplaced)     0.501    22.554    clk_50m_IBUF_BUFG
                         FDRE                                         r  s_sq_reg[63]/C
                         clock pessimism              0.106    22.661    <hidden>
                         clock uncertainty           -0.035    22.625    <hidden>
                         FDRE (Setup_fdre_C_D)        0.072    22.697    s_sq_reg[63]
  -------------------------------------------------------------------
                         required time                         22.697    <hidden>
                         arrival time                          -9.060    <hidden>
  -------------------------------------------------------------------
                         slack                                 13.637    <hidden>





Min Delay Paths
--------------------------------------------------------------------------------------
Slack (MET) :             0.063ns  (arrival time - required time)
  Source:                 blink_cnt_reg[11]/C
                            (rising edge-triggered cell FDRE clocked by clk_50m  {rise@0.000ns fall@10.000ns period=20.000ns})
  Destination:            blink_cnt_reg[12]/D
                            (rising edge-triggered cell FDRE clocked by clk_50m  {rise@0.000ns fall@10.000ns period=20.000ns})
  Path Group:             clk_50m
  Path Type:              Hold (Min at Fast Process Corner)
  Requirement:            0.000ns  (clk_50m rise@0.000ns - clk_50m rise@0.000ns)
  Data Path Delay:        0.321ns  (logic 0.239ns (74.496%)  route 0.082ns (25.504%))
  Logic Levels:           1  (CARRY4=1)
  Clock Path Skew:        0.145ns (DCD - SCD - CPR)
    Destination Clock Delay (DCD):    1.157ns
    Source Clock Delay      (SCD):    0.804ns
    Clock Pessimism Removal (CPR):    0.208ns

    Location             Delay type                Incr(ns)  Path(ns)    Netlist Resource(s)
  -------------------------------------------------------------------    -------------------
                         (clock clk_50m rise edge)    0.000     0.000 r  <hidden>
    U18                                               0.000     0.000 r  clk_50m
                         net (fo=0)                   0.000     0.000    clk_50m
    U18                  IBUF (Prop_ibuf_I_O)         0.266     0.266 r  clk_50m_IBUF_inst/O
                         net (fo=1, unplaced)         0.320     0.586    clk_50m_IBUF
                         BUFG (Prop_bufg_I_O)         0.026     0.612 r  clk_50m_IBUF_BUFG_inst/O
                         net (fo=14105, unplaced)     0.192     0.804    clk_50m_IBUF_BUFG
                         FDRE                                         r  blink_cnt_reg[11]/C
  -------------------------------------------------------------------    -------------------
                         FDRE (Prop_fdre_C_Q)         0.147     0.951 r  blink_cnt_reg[11]/Q
                         net (fo=3, unplaced)         0.082     1.033    blink_cnt_reg_n_0_[11]
                         CARRY4 (Prop_carry4_DI[2]_O[3])
                                                      0.092     1.125 r  blink_cnt_reg[12]_i_1/O[3]
                         net (fo=1, unplaced)         0.000     1.125    blink_cnt02_in[12]
                         FDRE                                         r  blink_cnt_reg[12]/D
  -------------------------------------------------------------------    -------------------

                         (clock clk_50m rise edge)    0.000     0.000 r  <hidden>
    U18                                               0.000     0.000 r  clk_50m
                         net (fo=0)                   0.000     0.000    clk_50m
    U18                  IBUF (Prop_ibuf_I_O)         0.454     0.454 r  clk_50m_IBUF_inst/O
                         net (fo=1, unplaced)         0.337     0.791    clk_50m_IBUF
                         BUFG (Prop_bufg_I_O)         0.029     0.820 r  clk_50m_IBUF_BUFG_inst/O
                         net (fo=14105, unplaced)     0.337     1.157    clk_50m_IBUF_BUFG
                         FDRE                                         r  blink_cnt_reg[12]/C
                         clock pessimism             -0.208     0.949    <hidden>
                         FDRE (Hold_fdre_C_D)         0.113     1.062    blink_cnt_reg[12]
  -------------------------------------------------------------------
                         required time                         -1.062    <hidden>
                         arrival time                           1.125    <hidden>
  -------------------------------------------------------------------
                         slack                                  0.063    <hidden>





Pulse Width Checks
--------------------------------------------------------------------------------------
Clock Name:         clk_50m
Waveform(ns):       { 0.000 10.000 }
Period(ns):         20.000
Sources:            { clk_50m }

Check Type        Corner  Lib Pin     Reference Pin  Required(ns)  Actual(ns)  Slack(ns)  Location   Pin
Min Period        n/a     XADC/DCLK   n/a            4.000         20.000      16.000     XADC_X0Y0  u_xadc/u_xadc/DCLK
Low Pulse Width   Slow    SRL16E/CLK  n/a            0.854         10.000      9.146                 g_ch[0].u_ch/i_run_reg_srl4___g_ch_r_2/CLK
High Pulse Width  Slow    SRL16E/CLK  n/a            0.854         10.000      9.146                 g_ch[0].u_ch/i_run_reg_srl4___g_ch_r_2/CLK



