Copyright 1986-2022 Xilinx, Inc. All Rights Reserved. Copyright 2022-2026 Advanced Micro Devices, Inc. All Rights Reserved.
---------------------------------------------------------------------------------------------------------------------------------------------
| Tool Version : Vivado v.2026.1 (win64) Build 6511674 Tue Jun 16 11:02:23 MDT 2026
| Date         : Thu Oct  1 15:45:23 2026
| Host         : boobieJuicer9000 running 64-bit major release  (build 9200)
| Command      : report_timing_summary -file P:/Downloads/freq-lab/fpga/vlf_sid_v2/build/timing_synth.rpt
| Design       : vlf_top
| Device       : 7z020-clg400
| Speed File   : -2  PRODUCTION 1.12 2019-11-22
| Design State : Synthesized
---------------------------------------------------------------------------------------------------------------------------------------------

Timing Summary Report

------------------------------------------------------------------------------------------------
| Timer Settings
| --------------
------------------------------------------------------------------------------------------------

  Enable Multi Corner Analysis               :  Yes
  Enable Pessimism Removal                   :  Yes
  Pessimism Removal Resolution               :  Nearest Common Node
  Enable Input Delay Default Clock           :  No
  Enable Preset / Clear Arcs                 :  No
  Disable Flight Delays                      :  No
  Ignore I/O Paths                           :  No
  Timing Early Launch at Borrowing Latches   :  No
  Borrow Time for Max Delay Exceptions       :  Yes
  Merge Timing Exceptions                    :  Yes
  Inter-SLR Compensation                     :  Conservative

  Corner  Analyze    Analyze    
  Name    Max Paths  Min Paths  
  ------  ---------  ---------  
  Slow    Yes        Yes        
  Fast    Yes        Yes        


------------------------------------------------------------------------------------------------
| Report Methodology
| ------------------
------------------------------------------------------------------------------------------------

No report available as report_methodology has not been run prior. Run report_methodology on the current design for the summary of methodology violations.



check_timing report

Table of Contents
-----------------
1. checking no_clock (0)
2. checking constant_clock (0)
3. checking pulse_width_clock (0)
4. checking unconstrained_internal_endpoints (0)
5. checking no_input_delay (4)
6. checking no_output_delay (4)
7. checking multiple_clock (0)
8. checking generated_clocks (0)
9. checking loops (0)
10. checking partial_input_delay (0)
11. checking partial_output_delay (0)
12. checking latch_loops (0)

1. checking no_clock (0)
------------------------
 There are 0 register/latch pins with no clock.


2. checking constant_clock (0)
------------------------------
 There are 0 register/latch pins with constant_clock.


3. checking pulse_width_clock (0)
---------------------------------
 There are 0 register/latch pins which need pulse_width check


4. checking unconstrained_internal_endpoints (0)
------------------------------------------------
 There are 0 pins that are not constrained for maximum delay.

 There are 0 pins that are not constrained for maximum delay due to constant clock.


5. checking no_input_delay (4)
------------------------------
 There are 0 input ports with no input delay specified.

 There are 4 input ports with no input delay but user has a false path constraint. (MEDIUM)


6. checking no_output_delay (4)
-------------------------------
 There are 0 ports with no output delay specified.

 There are 4 ports with no output delay but user has a false path constraint (MEDIUM)

 There are 0 ports with no output delay but with a timing clock defined on it or propagating through it


7. checking multiple_clock (0)
------------------------------
 There are 0 register/latch pins with multiple clocks.


8. checking generated_clocks (0)
--------------------------------
 There are 0 generated clocks that are not connected to a clock source.


9. checking loops (0)
---------------------
 There are 0 combinational loops in the design.


10. checking partial_input_delay (0)
------------------------------------
 There are 0 input ports with partial input delay specified.


11. checking partial_output_delay (0)
-------------------------------------
 There are 0 ports with partial output delay specified.


12. checking latch_loops (0)
----------------------------
 There are 0 combinational latch loops in the design through latch input



------------------------------------------------------------------------------------------------
| Design Timing Summary
| ---------------------
------------------------------------------------------------------------------------------------

    WNS(ns)      TNS(ns)  TNS Failing Endpoints  TNS Total Endpoints      WHS(ns)      THS(ns)  THS Failing Endpoints  THS Total Endpoints     WPWS(ns)     TPWS(ns)  TPWS Failing Endpoints  TPWS Total Endpoints  
    -------      -------  ---------------------  -------------------      -------      -------  ---------------------  -------------------     --------     --------  ----------------------  --------------------  
     13.233        0.000                      0                46641        0.063        0.000                      0                46641        9.146        0.000                       0                 14632  


All user specified timing constraints are met.


------------------------------------------------------------------------------------------------
| Clock Summary
| -------------
------------------------------------------------------------------------------------------------

Clock    Waveform(ns)       Period(ns)      Frequency(MHz)
-----    ------------       ----------      --------------
clk_50m  {0.000 10.000}     20.000          50.000          


------------------------------------------------------------------------------------------------
| Intra Clock Table
| -----------------
------------------------------------------------------------------------------------------------

Clock             WNS(ns)      TNS(ns)  TNS Failing Endpoints  TNS Total Endpoints      WHS(ns)      THS(ns)  THS Failing Endpoints  THS Total Endpoints     WPWS(ns)     TPWS(ns)  TPWS Failing Endpoints  TPWS Total Endpoints  
-----             -------      -------  ---------------------  -------------------      -------      -------  ---------------------  -------------------     --------     --------  ----------------------  --------------------  
clk_50m            13.233        0.000                      0                46641        0.063        0.000                      0                46641        9.146        0.000                       0                 14632  


------------------------------------------------------------------------------------------------
| Inter Clock Table
| -----------------
------------------------------------------------------------------------------------------------

From Clock    To Clock          WNS(ns)      TNS(ns)  TNS Failing Endpoints  TNS Total Endpoints      WHS(ns)      THS(ns)  THS Failing Endpoints  THS Total Endpoints  
----------    --------          -------      -------  ---------------------  -------------------      -------      -------  ---------------------  -------------------  


------------------------------------------------------------------------------------------------
| Other Path Groups Table
| -----------------------
------------------------------------------------------------------------------------------------

Path Group    From Clock    To Clock          WNS(ns)      TNS(ns)  TNS Failing Endpoints  TNS Total Endpoints      WHS(ns)      THS(ns)  THS Failing Endpoints  THS Total Endpoints  
----------    ----------    --------          -------      -------  ---------------------  -------------------      -------      -------  ---------------------  -------------------  


------------------------------------------------------------------------------------------------
| Timing Details
| --------------
------------------------------------------------------------------------------------------------


---------------------------------------------------------------------------------------------------
From Clock:  clk_50m
  To Clock:  clk_50m

Setup :            0  Failing Endpoints,  Worst Slack       13.233ns,  Total Violation        0.000ns
Hold  :            0  Failing Endpoints,  Worst Slack        0.063ns,  Total Violation        0.000ns
PW    :            0  Failing Endpoints,  Worst Slack        9.146ns,  Total Violation        0.000ns
---------------------------------------------------------------------------------------------------


Max Delay Paths
--------------------------------------------------------------------------------------
Slack (MET) :             13.233ns  (required time - arrival time)
  Source:                 a_code_reg[0]/C
                            (rising edge-triggered cell FDRE clocked by clk_50m  {rise@0.000ns fall@10.000ns period=20.000ns})
  Destination:            u_sf/pre_buf_reg[0][0]/CE
                            (rising edge-triggered cell FDRE clocked by clk_50m  {rise@0.000ns fall@10.000ns period=20.000ns})
  Path Group:             clk_50m
  Path Type:              Setup (Max at Slow Process Corner)
  Requirement:            20.000ns  (clk_50m rise@20.000ns - clk_50m rise@0.000ns)
  Data Path Delay:        6.422ns  (logic 2.658ns (41.389%)  route 3.764ns (58.611%))
  Logic Levels:           10  (CARRY4=3 LUT1=1 LUT2=1 LUT3=1 LUT5=2 LUT6=2)
  Clock Path Skew:        -0.145ns (DCD - SCD + CPR)
    Destination Clock Delay (DCD):    2.554ns = ( 22.554 - 20.000 ) 
    Source Clock Delay      (SCD):    2.806ns
    Clock Pessimism Removal (CPR):    0.106ns
  Clock Uncertainty:      0.035ns  ((TSJ^2 + TIJ^2)^1/2 + DJ) / 2 + PE
    Total System Jitter     (TSJ):    0.071ns
    Total Input Jitter      (TIJ):    0.000ns
    Discrete Jitter          (DJ):    0.000ns
    Phase Error              (PE):    0.000ns

    Location             Delay type                Incr(ns)  Path(ns)    Netlist Resource(s)
  -------------------------------------------------------------------    -------------------
                         (clock clk_50m rise edge)    0.000     0.000 r  <hidden>
    U18                                               0.000     0.000 r  clk_50m
                         net (fo=0)                   0.000     0.000    clk_50m
    U18                  IBUF (Prop_ibuf_I_O)         1.429     1.429 r  clk_50m_IBUF_inst/O
                         net (fo=1, unplaced)         0.646     2.075    clk_50m_IBUF
                         BUFG (Prop_bufg_I_O)         0.085     2.160 r  clk_50m_IBUF_BUFG_inst/O
                         net (fo=14648, unplaced)     0.646     2.806    clk_50m_IBUF_BUFG
                         FDRE                                         r  a_code_reg[0]/C
  -------------------------------------------------------------------    -------------------
                         FDRE (Prop_fdre_C_Q)         0.397     3.203 f  a_code_reg[0]/Q
                         net (fo=35, unplaced)        0.313     3.516    u_sf/B[0]
                         LUT1 (Prop_lut1_I0_O)        0.232     3.748 r  u_sf/peak[4]_i_3/O
                         net (fo=1, unplaced)         0.258     4.006    u_sf/p_0_in[0]
                         CARRY4 (Prop_carry4_CYINIT_O[2])
                                                      0.508     4.514 r  u_sf/peak_reg[4]_i_2/O[2]
                         net (fo=3, unplaced)         0.367     4.881    u_sf/abs_x0[2]
                         LUT3 (Prop_lut3_I0_O)        0.244     5.125 r  u_sf/peak[3]_i_1/O
                         net (fo=3, unplaced)         0.365     5.490    u_regs/hit0_carry__0[1]
                         LUT6 (Prop_lut6_I1_O)        0.105     5.595 r  u_regs/hit0_carry_i_3/O
                         net (fo=1, unplaced)         0.537     6.132    u_sf/DI[1]
                         CARRY4 (Prop_carry4_DI[1]_CO[3])
                                                      0.430     6.562 r  u_sf/hit0_carry/CO[3]
                         net (fo=1, unplaced)         0.008     6.570    u_sf/hit0_carry_n_0
                         CARRY4 (Prop_carry4_CI_CO[1])
                                                      0.150     6.720 f  u_sf/hit0_carry__0/CO[1]
                         net (fo=1, unplaced)         0.240     6.960    u_sf/hit0
                         LUT5 (Prop_lut5_I3_O)        0.277     7.237 f  u_sf/t_pps[31]_i_3/O
                         net (fo=19, unplaced)        0.406     7.643    u_sf/t_pps[31]_i_3_n_0
                         LUT2 (Prop_lut2_I1_O)        0.105     7.748 f  u_sf/t_pps[31]_i_1/O
                         net (fo=111, unplaced)       0.449     8.197    u_sf/trig_code[0]
                         LUT6 (Prop_lut6_I3_O)        0.105     8.302 r  u_sf/pre_wp[3]_i_1/O
                         net (fo=20, unplaced)        0.407     8.709    u_sf/pre_wp[3]_i_1_n_0
                         LUT5 (Prop_lut5_I0_O)        0.105     8.814 r  u_sf/pre_buf[0][11]_i_1/O
                         net (fo=12, unplaced)        0.414     9.228    u_sf/pre_buf[0][11]_i_1_n_0
                         FDRE                                         r  u_sf/pre_buf_reg[0][0]/CE
  -------------------------------------------------------------------    -------------------

                         (clock clk_50m rise edge)   20.000    20.000 r  <hidden>
    U18                                               0.000    20.000 r  clk_50m
                         net (fo=0)                   0.000    20.000    clk_50m
    U18                  IBUF (Prop_ibuf_I_O)         1.363    21.363 r  clk_50m_IBUF_inst/O
                         net (fo=1, unplaced)         0.613    21.977    clk_50m_IBUF
                         BUFG (Prop_bufg_I_O)         0.077    22.054 r  clk_50m_IBUF_BUFG_inst/O
                         net (fo=14648, unplaced)     0.501    22.554    u_sf/clk_50m_IBUF_BUFG
                         FDRE                                         r  u_sf/pre_buf_reg[0][0]/C
                         clock pessimism              0.106    22.661    <hidden>
                         clock uncertainty           -0.035    22.625    <hidden>
                         FDRE (Setup_fdre_C_CE)      -0.165    22.460    u_sf/pre_buf_reg[0][0]
  -------------------------------------------------------------------
                         required time                         22.460    <hidden>
                         arrival time                          -9.228    <hidden>
  -------------------------------------------------------------------
                         slack                                 13.233    <hidden>





Min Delay Paths
--------------------------------------------------------------------------------------
Slack (MET) :             0.063ns  (arrival time - required time)
  Source:                 blink_cnt_reg[11]/C
                            (rising edge-triggered cell FDRE clocked by clk_50m  {rise@0.000ns fall@10.000ns period=20.000ns})
  Destination:            blink_cnt_reg[12]/D
                            (rising edge-triggered cell FDRE clocked by clk_50m  {rise@0.000ns fall@10.000ns period=20.000ns})
  Path Group:             clk_50m
  Path Type:              Hold (Min at Fast Process Corner)
  Requirement:            0.000ns  (clk_50m rise@0.000ns - clk_50m rise@0.000ns)
  Data Path Delay:        0.321ns  (logic 0.239ns (74.496%)  route 0.082ns (25.504%))
  Logic Levels:           1  (CARRY4=1)
  Clock Path Skew:        0.145ns (DCD - SCD - CPR)
    Destination Clock Delay (DCD):    1.157ns
    Source Clock Delay      (SCD):    0.804ns
    Clock Pessimism Removal (CPR):    0.208ns

    Location             Delay type                Incr(ns)  Path(ns)    Netlist Resource(s)
  -------------------------------------------------------------------    -------------------
                         (clock clk_50m rise edge)    0.000     0.000 r  <hidden>
    U18                                               0.000     0.000 r  clk_50m
                         net (fo=0)                   0.000     0.000    clk_50m
    U18                  IBUF (Prop_ibuf_I_O)         0.266     0.266 r  clk_50m_IBUF_inst/O
                         net (fo=1, unplaced)         0.320     0.586    clk_50m_IBUF
                         BUFG (Prop_bufg_I_O)         0.026     0.612 r  clk_50m_IBUF_BUFG_inst/O
                         net (fo=14648, unplaced)     0.192     0.804    clk_50m_IBUF_BUFG
                         FDRE                                         r  blink_cnt_reg[11]/C
  -------------------------------------------------------------------    -------------------
                         FDRE (Prop_fdre_C_Q)         0.147     0.951 r  blink_cnt_reg[11]/Q
                         net (fo=3, unplaced)         0.082     1.033    blink_cnt_reg_n_0_[11]
                         CARRY4 (Prop_carry4_DI[2]_O[3])
                                                      0.092     1.125 r  blink_cnt_reg[12]_i_1/O[3]
                         net (fo=1, unplaced)         0.000     1.125    blink_cnt02_in[12]
                         FDRE                                         r  blink_cnt_reg[12]/D
  -------------------------------------------------------------------    -------------------

                         (clock clk_50m rise edge)    0.000     0.000 r  <hidden>
    U18                                               0.000     0.000 r  clk_50m
                         net (fo=0)                   0.000     0.000    clk_50m
    U18                  IBUF (Prop_ibuf_I_O)         0.454     0.454 r  clk_50m_IBUF_inst/O
                         net (fo=1, unplaced)         0.337     0.791    clk_50m_IBUF
                         BUFG (Prop_bufg_I_O)         0.029     0.820 r  clk_50m_IBUF_BUFG_inst/O
                         net (fo=14648, unplaced)     0.337     1.157    clk_50m_IBUF_BUFG
                         FDRE                                         r  blink_cnt_reg[12]/C
                         clock pessimism             -0.208     0.949    <hidden>
                         FDRE (Hold_fdre_C_D)         0.113     1.062    blink_cnt_reg[12]
  -------------------------------------------------------------------
                         required time                         -1.062    <hidden>
                         arrival time                           1.125    <hidden>
  -------------------------------------------------------------------
                         slack                                  0.063    <hidden>





Pulse Width Checks
--------------------------------------------------------------------------------------
Clock Name:         clk_50m
Waveform(ns):       { 0.000 10.000 }
Period(ns):         20.000
Sources:            { clk_50m }

Check Type        Corner  Lib Pin     Reference Pin  Required(ns)  Actual(ns)  Slack(ns)  Location   Pin
Min Period        n/a     XADC/DCLK   n/a            4.000         20.000      16.000     XADC_X0Y0  u_xadc/u_xadc/DCLK
Low Pulse Width   Slow    SRL16E/CLK  n/a            0.854         10.000      9.146                 g_ch[0].u_ch/i_run_reg_srl4___g_ch_r_2/CLK
High Pulse Width  Slow    SRL16E/CLK  n/a            0.854         10.000      9.146                 g_ch[0].u_ch/i_run_reg_srl4___g_ch_r_2/CLK



