Copyright 1986-2022 Xilinx, Inc. All Rights Reserved. Copyright 2022-2026 Advanced Micro Devices, Inc. All Rights Reserved.
---------------------------------------------------------------------------------------------------------------------------------------------
| Tool Version : Vivado v.2026.1 (win64) Build 6511674 Tue Jun 16 11:02:23 MDT 2026
| Date         : Thu Oct  1 15:48:24 2026
| Host         : boobieJuicer9000 running 64-bit major release  (build 9200)
| Command      : report_utilization -hierarchical -file P:/Downloads/freq-lab/fpga/vlf_sid_v2/build/util_hier.rpt
| Design       : vlf_top
| Device       : xc7z020clg400-2
| Speed File   : -2
| Design State : Routed
---------------------------------------------------------------------------------------------------------------------------------------------

Utilization Design Information

Table of Contents
-----------------
1. Utilization by Hierarchy

1. Utilization by Hierarchy
---------------------------

+--------------------+----------------+------------+------------+---------+------+-------+--------+--------+------------+
|      Instance      |     Module     | Total LUTs | Logic LUTs | LUTRAMs | SRLs |  FFs  | RAMB36 | RAMB18 | DSP Blocks |
+--------------------+----------------+------------+------------+---------+------+-------+--------+--------+------------+
| vlf_top            |          (top) |       9535 |       9527 |       0 |    8 | 14561 |      1 |     13 |         50 |
|   (vlf_top)        |          (top) |        309 |        309 |       0 |    0 |   850 |      0 |      0 |          1 |
|   g_ch[0].u_ch     |    vlf_channel |        974 |        973 |       0 |    1 |  1453 |      0 |      1 |          6 |
|     (g_ch[0].u_ch) |    vlf_channel |        936 |        935 |       0 |    1 |  1453 |      0 |      0 |          6 |
|   g_ch[1].u_ch     |  vlf_channel_0 |        953 |        952 |       0 |    1 |  1446 |      0 |      1 |          6 |
|     (g_ch[1].u_ch) |  vlf_channel_0 |        915 |        914 |       0 |    1 |  1446 |      0 |      0 |          6 |
|   g_ch[2].u_ch     |  vlf_channel_1 |        953 |        952 |       0 |    1 |  1446 |      0 |      1 |          6 |
|     (g_ch[2].u_ch) |  vlf_channel_1 |        915 |        914 |       0 |    1 |  1446 |      0 |      0 |          6 |
|   g_ch[3].u_ch     |  vlf_channel_2 |        953 |        952 |       0 |    1 |  1446 |      0 |      1 |          6 |
|     (g_ch[3].u_ch) |  vlf_channel_2 |        915 |        914 |       0 |    1 |  1446 |      0 |      0 |          6 |
|   g_ch[4].u_ch     |  vlf_channel_3 |        953 |        952 |       0 |    1 |  1446 |      0 |      1 |          6 |
|     (g_ch[4].u_ch) |  vlf_channel_3 |        915 |        914 |       0 |    1 |  1446 |      0 |      0 |          6 |
|   g_ch[5].u_ch     |  vlf_channel_4 |        953 |        952 |       0 |    1 |  1446 |      0 |      1 |          6 |
|     (g_ch[5].u_ch) |  vlf_channel_4 |        915 |        914 |       0 |    1 |  1446 |      0 |      0 |          6 |
|   g_ch[6].u_ch     |  vlf_channel_5 |        953 |        952 |       0 |    1 |  1446 |      0 |      1 |          6 |
|     (g_ch[6].u_ch) |  vlf_channel_5 |        915 |        914 |       0 |    1 |  1446 |      0 |      0 |          6 |
|   g_ch[7].u_ch     |  vlf_channel_6 |        953 |        952 |       0 |    1 |  1446 |      0 |      1 |          6 |
|     (g_ch[7].u_ch) |  vlf_channel_6 |        915 |        914 |       0 |    1 |  1446 |      0 |      0 |          6 |
|   u_fan            |        fan_pwm |         28 |         28 |       0 |    0 |    66 |      0 |      0 |          1 |
|   u_regs           |   cmd_regs_vlf |       1316 |       1316 |       0 |    0 |  1558 |      0 |      1 |          0 |
|     (u_regs)       |   cmd_regs_vlf |       1147 |       1147 |       0 |    0 |  1503 |      0 |      1 |          0 |
|     u_rx           |        uart_rx |        140 |        140 |       0 |    0 |    33 |      0 |      0 |          0 |
|   u_sf             | sferic_capture |        223 |        223 |       0 |    0 |   499 |      1 |      4 |          0 |
+--------------------+----------------+------------+------------+---------+------+-------+--------+--------+------------+
* Note: The sum of lower-level cells may be larger than their parent cells total, due to cross-hierarchy LUT combining


